Archive member included to satisfy reference by file (symbol)

/Applications/Ac6/SystemWorkbench.app/Contents/Eclipse/plugins/fr.ac6.mcu.externaltools.arm-none.macos64_1.13.1.201707031232/tools/compiler/bin/../lib/gcc/arm-none-eabi/5.4.1/armv7e-m/fpu/libgcc.a(_arm_addsubdf3.o)
                              Src/main.o (__aeabi_dsub)
/Applications/Ac6/SystemWorkbench.app/Contents/Eclipse/plugins/fr.ac6.mcu.externaltools.arm-none.macos64_1.13.1.201707031232/tools/compiler/bin/../lib/gcc/arm-none-eabi/5.4.1/armv7e-m/fpu/libgcc.a(_arm_muldivdf3.o)
                              Src/main.o (__aeabi_dmul)
/Applications/Ac6/SystemWorkbench.app/Contents/Eclipse/plugins/fr.ac6.mcu.externaltools.arm-none.macos64_1.13.1.201707031232/tools/compiler/bin/../lib/gcc/arm-none-eabi/5.4.1/armv7e-m/fpu/libgcc.a(_arm_cmpdf2.o)
                              Src/main.o (__aeabi_dcmplt)
/Applications/Ac6/SystemWorkbench.app/Contents/Eclipse/plugins/fr.ac6.mcu.externaltools.arm-none.macos64_1.13.1.201707031232/tools/compiler/bin/../lib/gcc/arm-none-eabi/5.4.1/armv7e-m/fpu/libgcc.a(_arm_fixdfsi.o)
                              Src/main.o (__aeabi_d2iz)
/Applications/Ac6/SystemWorkbench.app/Contents/Eclipse/plugins/fr.ac6.mcu.externaltools.arm-none.macos64_1.13.1.201707031232/tools/compiler/bin/../lib/gcc/arm-none-eabi/5.4.1/../../../../arm-none-eabi/lib/armv7e-m/fpu/libc_nano.a(lib_a-exit.o)
                              /Applications/Ac6/SystemWorkbench.app/Contents/Eclipse/plugins/fr.ac6.mcu.externaltools.arm-none.macos64_1.13.1.201707031232/tools/compiler/bin/../lib/gcc/arm-none-eabi/5.4.1/../../../../arm-none-eabi/lib/armv7e-m/fpu/crt0.o (exit)
/Applications/Ac6/SystemWorkbench.app/Contents/Eclipse/plugins/fr.ac6.mcu.externaltools.arm-none.macos64_1.13.1.201707031232/tools/compiler/bin/../lib/gcc/arm-none-eabi/5.4.1/../../../../arm-none-eabi/lib/armv7e-m/fpu/libc_nano.a(lib_a-impure.o)
                              /Applications/Ac6/SystemWorkbench.app/Contents/Eclipse/plugins/fr.ac6.mcu.externaltools.arm-none.macos64_1.13.1.201707031232/tools/compiler/bin/../lib/gcc/arm-none-eabi/5.4.1/../../../../arm-none-eabi/lib/armv7e-m/fpu/libc_nano.a(lib_a-exit.o) (_global_impure_ptr)
/Applications/Ac6/SystemWorkbench.app/Contents/Eclipse/plugins/fr.ac6.mcu.externaltools.arm-none.macos64_1.13.1.201707031232/tools/compiler/bin/../lib/gcc/arm-none-eabi/5.4.1/../../../../arm-none-eabi/lib/armv7e-m/fpu/libc_nano.a(lib_a-init.o)
                              /Applications/Ac6/SystemWorkbench.app/Contents/Eclipse/plugins/fr.ac6.mcu.externaltools.arm-none.macos64_1.13.1.201707031232/tools/compiler/bin/../lib/gcc/arm-none-eabi/5.4.1/../../../../arm-none-eabi/lib/armv7e-m/fpu/crt0.o (__libc_init_array)
/Applications/Ac6/SystemWorkbench.app/Contents/Eclipse/plugins/fr.ac6.mcu.externaltools.arm-none.macos64_1.13.1.201707031232/tools/compiler/bin/../lib/gcc/arm-none-eabi/5.4.1/../../../../arm-none-eabi/lib/armv7e-m/fpu/libc_nano.a(lib_a-itoa.o)
                              Src/main.o (itoa)
/Applications/Ac6/SystemWorkbench.app/Contents/Eclipse/plugins/fr.ac6.mcu.externaltools.arm-none.macos64_1.13.1.201707031232/tools/compiler/bin/../lib/gcc/arm-none-eabi/5.4.1/../../../../arm-none-eabi/lib/armv7e-m/fpu/libc_nano.a(lib_a-malloc.o)
                              Middlewares/ST/STM32_USB_Host_Library/Class/MSC/Src/usbh_msc.o (malloc)
/Applications/Ac6/SystemWorkbench.app/Contents/Eclipse/plugins/fr.ac6.mcu.externaltools.arm-none.macos64_1.13.1.201707031232/tools/compiler/bin/../lib/gcc/arm-none-eabi/5.4.1/../../../../arm-none-eabi/lib/armv7e-m/fpu/libc_nano.a(lib_a-memset.o)
                              /Applications/Ac6/SystemWorkbench.app/Contents/Eclipse/plugins/fr.ac6.mcu.externaltools.arm-none.macos64_1.13.1.201707031232/tools/compiler/bin/../lib/gcc/arm-none-eabi/5.4.1/../../../../arm-none-eabi/lib/armv7e-m/fpu/crt0.o (memset)
/Applications/Ac6/SystemWorkbench.app/Contents/Eclipse/plugins/fr.ac6.mcu.externaltools.arm-none.macos64_1.13.1.201707031232/tools/compiler/bin/../lib/gcc/arm-none-eabi/5.4.1/../../../../arm-none-eabi/lib/armv7e-m/fpu/libc_nano.a(lib_a-nano-freer.o)
                              /Applications/Ac6/SystemWorkbench.app/Contents/Eclipse/plugins/fr.ac6.mcu.externaltools.arm-none.macos64_1.13.1.201707031232/tools/compiler/bin/../lib/gcc/arm-none-eabi/5.4.1/../../../../arm-none-eabi/lib/armv7e-m/fpu/libc_nano.a(lib_a-malloc.o) (_free_r)
/Applications/Ac6/SystemWorkbench.app/Contents/Eclipse/plugins/fr.ac6.mcu.externaltools.arm-none.macos64_1.13.1.201707031232/tools/compiler/bin/../lib/gcc/arm-none-eabi/5.4.1/../../../../arm-none-eabi/lib/armv7e-m/fpu/libc_nano.a(lib_a-nano-mallocr.o)
                              /Applications/Ac6/SystemWorkbench.app/Contents/Eclipse/plugins/fr.ac6.mcu.externaltools.arm-none.macos64_1.13.1.201707031232/tools/compiler/bin/../lib/gcc/arm-none-eabi/5.4.1/../../../../arm-none-eabi/lib/armv7e-m/fpu/libc_nano.a(lib_a-malloc.o) (_malloc_r)
[...]
Memory Configuration

Name             Origin             Length             Attributes
RAM              0x0000000020000000 0x0000000000020000 xrw
CCMRAM           0x0000000010000000 0x0000000000010000 rw
FLASH            0x0000000008000000 0x0000000000100000 xr
*default*        0x0000000000000000 0xffffffffffffffff

Linker script and memory map

LOAD /Applications/Ac6/SystemWorkbench.app/Contents/Eclipse/plugins/fr.ac6.mcu.externaltools.arm-none.macos64_1.13.1.201707031232/tools/compiler/bin/../lib/gcc/arm-none-eabi/5.4.1/armv7e-m/fpu/crti.o
LOAD /Applications/Ac6/SystemWorkbench.app/Contents/Eclipse/plugins/fr.ac6.mcu.externaltools.arm-none.macos64_1.13.1.201707031232/tools/compiler/bin/../lib/gcc/arm-none-eabi/5.4.1/armv7e-m/fpu/crtbegin.o
LOAD /Applications/Ac6/SystemWorkbench.app/Contents/Eclipse/plugins/fr.ac6.mcu.externaltools.arm-none.macos64_1.13.1.201707031232/tools/compiler/bin/../lib/gcc/arm-none-eabi/5.4.1/../../../../arm-none-eabi/lib/armv7e-m/fpu/crt0.o
LOAD Drivers/STM32F4xx_HAL_Driver/Src/stm32f4xx_hal.o
LOAD Drivers/STM32F4xx_HAL_Driver/Src/stm32f4xx_hal_adc.o
LOAD Drivers/STM32F4xx_HAL_Driver/Src/stm32f4xx_hal_adc_ex.o
LOAD Drivers/STM32F4xx_HAL_Driver/Src/stm32f4xx_hal_cortex.o
LOAD Drivers/STM32F4xx_HAL_Driver/Src/stm32f4xx_hal_dma.o
LOAD Drivers/STM32F4xx_HAL_Driver/Src/stm32f4xx_hal_dma_ex.o
LOAD Drivers/STM32F4xx_HAL_Driver/Src/stm32f4xx_hal_flash.o
LOAD Drivers/STM32F4xx_HAL_Driver/Src/stm32f4xx_hal_flash_ex.o
LOAD Drivers/STM32F4xx_HAL_Driver/Src/stm32f4xx_hal_flash_ramfunc.o
LOAD Drivers/STM32F4xx_HAL_Driver/Src/stm32f4xx_hal_gpio.o
LOAD Drivers/STM32F4xx_HAL_Driver/Src/stm32f4xx_hal_hcd.o
LOAD Drivers/STM32F4xx_HAL_Driver/Src/stm32f4xx_hal_pwr.o
LOAD Drivers/STM32F4xx_HAL_Driver/Src/stm32f4xx_hal_pwr_ex.o
LOAD Drivers/STM32F4xx_HAL_Driver/Src/stm32f4xx_hal_rcc.o
LOAD Drivers/STM32F4xx_HAL_Driver/Src/stm32f4xx_hal_rcc_ex.o
LOAD Drivers/STM32F4xx_HAL_Driver/Src/stm32f4xx_hal_spi.o
LOAD Drivers/STM32F4xx_HAL_Driver/Src/stm32f4xx_hal_tim.o
LOAD Drivers/STM32F4xx_HAL_Driver/Src/stm32f4xx_hal_tim_ex.o
LOAD Drivers/STM32F4xx_HAL_Driver/Src/stm32f4xx_hal_uart.o
LOAD Drivers/STM32F4xx_HAL_Driver/Src/stm32f4xx_ll_usb.o
LOAD Middlewares/ST/STM32_USB_Host_Library/Class/MSC/Src/usbh_msc.o
LOAD Middlewares/ST/STM32_USB_Host_Library/Class/MSC/Src/usbh_msc_bot.o
LOAD Middlewares/ST/STM32_USB_Host_Library/Class/MSC/Src/usbh_msc_scsi.o
LOAD Middlewares/ST/STM32_USB_Host_Library/Core/Src/usbh_core.o
LOAD Middlewares/ST/STM32_USB_Host_Library/Core/Src/usbh_ctlreq.o
LOAD Middlewares/ST/STM32_USB_Host_Library/Core/Src/usbh_ioreq.o
LOAD Middlewares/ST/STM32_USB_Host_Library/Core/Src/usbh_pipes.o
LOAD Middlewares/Third_Party/FatFs/src/diskio.o
LOAD Middlewares/Third_Party/FatFs/src/ff.o
LOAD Middlewares/Third_Party/FatFs/src/ff_gen_drv.o
LOAD Middlewares/Third_Party/FatFs/src/drivers/usbh_diskio.o
LOAD Middlewares/Third_Party/FatFs/src/option/syscall.o
LOAD Src/fatfs.o
LOAD Src/main.o
LOAD Src/stm32f4xx_hal_msp.o
LOAD Src/stm32f4xx_it.o
LOAD Src/system_stm32f4xx.o
LOAD Src/usb_host.o
LOAD Src/usbh_conf.o
LOAD Src/usbh_platform.o
LOAD startup/startup_stm32f407xx.o
LOAD /Applications/Ac6/SystemWorkbench.app/Contents/Eclipse/plugins/fr.ac6.mcu.externaltools.arm-none.macos64_1.13.1.201707031232/tools/compiler/bin/../lib/gcc/arm-none-eabi/5.4.1/../../../../arm-none-eabi/lib/armv7e-m/fpu/libm.a
START GROUP
LOAD /Applications/Ac6/SystemWorkbench.app/Contents/Eclipse/plugins/fr.ac6.mcu.externaltools.arm-none.macos64_1.13.1.201707031232/tools/compiler/bin/../lib/gcc/arm-none-eabi/5.4.1/armv7e-m/fpu/libgcc.a
LOAD /Applications/Ac6/SystemWorkbench.app/Contents/Eclipse/plugins/fr.ac6.mcu.externaltools.arm-none.macos64_1.13.1.201707031232/tools/compiler/bin/../lib/gcc/arm-none-eabi/5.4.1/../../../../arm-none-eabi/lib/armv7e-m/fpu/libc_nano.a
END GROUP
START GROUP
LOAD /Applications/Ac6/SystemWorkbench.app/Contents/Eclipse/plugins/fr.ac6.mcu.externaltools.arm-none.macos64_1.13.1.201707031232/tools/compiler/bin/../lib/gcc/arm-none-eabi/5.4.1/armv7e-m/fpu/libgcc.a
LOAD /Applications/Ac6/SystemWorkbench.app/Contents/Eclipse/plugins/fr.ac6.mcu.externaltools.arm-none.macos64_1.13.1.201707031232/tools/compiler/bin/../lib/gcc/arm-none-eabi/5.4.1/../../../../arm-none-eabi/lib/armv7e-m/fpu/libc_nano.a
LOAD /Applications/Ac6/SystemWorkbench.app/Contents/Eclipse/plugins/fr.ac6.mcu.externaltools.arm-none.macos64_1.13.1.201707031232/tools/compiler/bin/../lib/gcc/arm-none-eabi/5.4.1/../../../../arm-none-eabi/lib/armv7e-m/fpu/libnosys.a
END GROUP
START GROUP
LOAD /Applications/Ac6/SystemWorkbench.app/Contents/Eclipse/plugins/fr.ac6.mcu.externaltools.arm-none.macos64_1.13.1.201707031232/tools/compiler/bin/../lib/gcc/arm-none-eabi/5.4.1/armv7e-m/fpu/libgcc.a
LOAD /Applications/Ac6/SystemWorkbench.app/Contents/Eclipse/plugins/fr.ac6.mcu.externaltools.arm-none.macos64_1.13.1.201707031232/tools/compiler/bin/../lib/gcc/arm-none-eabi/5.4.1/../../../../arm-none-eabi/lib/armv7e-m/fpu/libc_nano.a
LOAD /Applications/Ac6/SystemWorkbench.app/Contents/Eclipse/plugins/fr.ac6.mcu.externaltools.arm-none.macos64_1.13.1.201707031232/tools/compiler/bin/../lib/gcc/arm-none-eabi/5.4.1/../../../../arm-none-eabi/lib/armv7e-m/fpu/libnosys.a
END GROUP
LOAD /Applications/Ac6/SystemWorkbench.app/Contents/Eclipse/plugins/fr.ac6.mcu.externaltools.arm-none.macos64_1.13.1.201707031232/tools/compiler/bin/../lib/gcc/arm-none-eabi/5.4.1/armv7e-m/fpu/crtend.o
LOAD /Applications/Ac6/SystemWorkbench.app/Contents/Eclipse/plugins/fr.ac6.mcu.externaltools.arm-none.macos64_1.13.1.201707031232/tools/compiler/bin/../lib/gcc/arm-none-eabi/5.4.1/armv7e-m/fpu/crtn.o
                0x0000000020020000                _estack = 0x20020000
                0x0000000000000400                _Min_Heap_Size = 0x400
                0x0000000000000800                _Min_Stack_Size = 0x800

.isr_vector     0x0000000008000000      0x188
                0x0000000008000000                . = ALIGN (0x4)
 *(.isr_vector)
 .isr_vector    0x0000000008000000      0x188 startup/startup_stm32f407xx.o
                0x0000000008000000                g_pfnVectors
                0x0000000008000188                . = ALIGN (0x4)

.text           0x0000000008000188     0x823c
                0x0000000008000188                . = ALIGN (0x4)
 *(.text)
 .text          0x0000000008000188       0x5c /Applications/Ac6/SystemWorkbench.app/Contents/Eclipse/plugins/fr.ac6.mcu.externaltools.arm-none.macos64_1.13.1.201707031232/tools/compiler/bin/../lib/gcc/arm-none-eabi/5.4.1/armv7e-m/fpu/crtbegin.o
 .text          0x00000000080001e4      0x370 /Applications/Ac6/SystemWorkbench.app/Contents/Eclipse/plugins/fr.ac6.mcu.externaltools.arm-none.macos64_1.13.1.201707031232/tools/compiler/bin/../lib/gcc/arm-none-eabi/5.4.1/armv7e-m/fpu/libgcc.a(_arm_addsubdf3.o)
                0x00000000080001e4                __aeabi_drsub
                0x00000000080001ec                __subdf3
                0x00000000080001ec                __aeabi_dsub
                0x00000000080001f0                __aeabi_dadd
                0x00000000080001f0                __adddf3
                0x0000000008000468                __aeabi_ui2d
                0x0000000008000468                __floatunsidf
                0x0000000008000488                __floatsidf
                0x0000000008000488                __aeabi_i2d
                0x00000000080004ac                __extendsfdf2
                0x00000000080004ac                __aeabi_f2d
                0x00000000080004e8                __aeabi_ul2d
                0x00000000080004e8                __floatundidf
                0x00000000080004f8                __aeabi_l2d
                0x00000000080004f8                __floatdidf
 .text          0x0000000008000554      0x424 /Applications/Ac6/SystemWorkbench.app/Contents/Eclipse/plugins/fr.ac6.mcu.externaltools.arm-none.macos64_1.13.1.201707031232/tools/compiler/bin/../lib/gcc/arm-none-eabi/5.4.1/armv7e-m/fpu/libgcc.a(_arm_muldivdf3.o)
                0x0000000008000554                __aeabi_dmul
                0x0000000008000554                __muldf3
                0x00000000080007a8                __aeabi_ddiv
                0x00000000080007a8                __divdf3
 .text          0x0000000008000978      0x110 /Applications/Ac6/SystemWorkbench.app/Contents/Eclipse/plugins/fr.ac6.mcu.externaltools.arm-none.macos64_1.13.1.201707031232/tools/compiler/bin/../lib/gcc/arm-none-eabi/5.4.1/armv7e-m/fpu/libgcc.a(_arm_cmpdf2.o)
                0x0000000008000978                __gedf2
                0x0000000008000978                __gtdf2
                0x0000000008000980                __ledf2
                0x0000000008000980                __ltdf2
                0x0000000008000988                __cmpdf2
                0x0000000008000988                __eqdf2
                0x0000000008000988                __nedf2
                0x0000000008000a04                __aeabi_cdrcmple
                0x0000000008000a14                __aeabi_cdcmple
                0x0000000008000a14                __aeabi_cdcmpeq
                0x0000000008000a24                __aeabi_dcmpeq
                0x0000000008000a38                __aeabi_dcmplt
                0x0000000008000a4c                __aeabi_dcmple
                0x0000000008000a60                __aeabi_dcmpge
                0x0000000008000a74                __aeabi_dcmpgt
 .text          0x0000000008000a88       0x50 /Applications/Ac6/SystemWorkbench.app/Contents/Eclipse/plugins/fr.ac6.mcu.externaltools.arm-none.macos64_1.13.1.201707031232/tools/compiler/bin/../lib/gcc/arm-none-eabi/5.4.1/armv7e-m/fpu/libgcc.a(_arm_fixdfsi.o)
                0x0000000008000a88                __fixdfsi
                0x0000000008000a88                __aeabi_d2iz
 .text          0x0000000008000ad8       0x10 /Applications/Ac6/SystemWorkbench.app/Contents/Eclipse/plugins/fr.ac6.mcu.externaltools.arm-none.macos64_1.13.1.201707031232/tools/compiler/bin/../lib/gcc/arm-none-eabi/5.4.1/../../../../arm-none-eabi/lib/armv7e-m/fpu/libc_nano.a(lib_a-strlen.o)
                0x0000000008000ad8                strlen
 *(.text*)
 .text.HAL_InitTick
                0x0000000008000ae8       0x2c Drivers/STM32F4xx_HAL_Driver/Src/stm32f4xx_hal.o
                0x0000000008000ae8                HAL_InitTick
 .text.HAL_Init
                0x0000000008000b14       0x34 Drivers/STM32F4xx_HAL_Driver/Src/stm32f4xx_hal.o
                0x0000000008000b14                HAL_Init
 .text.HAL_IncTick
                0x0000000008000b48       0x10 Drivers/STM32F4xx_HAL_Driver/Src/stm32f4xx_hal.o
                0x0000000008000b48                HAL_IncTick
 .text.HAL_GetTick
                0x0000000008000b58        0xc Drivers/STM32F4xx_HAL_Driver/Src/stm32f4xx_hal.o
                0x0000000008000b58                HAL_GetTick
 .text.HAL_Delay
                0x0000000008000b64       0x24 Drivers/STM32F4xx_HAL_Driver/Src/stm32f4xx_hal.o
                0x0000000008000b64                HAL_Delay
 .text.ADC_Init
                0x0000000008000b88      0x138 Drivers/STM32F4xx_HAL_Driver/Src/stm32f4xx_hal_adc.o
 .text.HAL_ADC_Init
                0x0000000008000cc0       0x54 Drivers/STM32F4xx_HAL_Driver/Src/stm32f4xx_hal_adc.o
                0x0000000008000cc0                HAL_ADC_Init
 .text.HAL_ADC_Start
                0x0000000008000d14       0xf8 Drivers/STM32F4xx_HAL_Driver/Src/stm32f4xx_hal_adc.o
                0x0000000008000d14                HAL_ADC_Start
 .text.HAL_ADC_Stop
                0x0000000008000e0c       0x40 Drivers/STM32F4xx_HAL_Driver/Src/stm32f4xx_hal_adc.o
                0x0000000008000e0c                HAL_ADC_Stop
 .text.HAL_ADC_PollForConversion
                0x0000000008000e4c       0xb8 Drivers/STM32F4xx_HAL_Driver/Src/stm32f4xx_hal_adc.o
                0x0000000008000e4c                HAL_ADC_PollForConversion
 .text.HAL_ADC_GetValue
                0x0000000008000f04        0x8 Drivers/STM32F4xx_HAL_Driver/Src/stm32f4xx_hal_adc.o
                0x0000000008000f04                HAL_ADC_GetValue
 .text.HAL_ADC_ConfigChannel
                0x0000000008000f0c      0x18c Drivers/STM32F4xx_HAL_Driver/Src/stm32f4xx_hal_adc.o
                0x0000000008000f0c                HAL_ADC_ConfigChannel
 .text.HAL_NVIC_SetPriorityGrouping
                0x0000000008001098       0x24 Drivers/STM32F4xx_HAL_Driver/Src/stm32f4xx_hal_cortex.o
                0x0000000008001098                HAL_NVIC_SetPriorityGrouping
 .text.HAL_NVIC_SetPriority
                0x00000000080010bc       0x64 Drivers/STM32F4xx_HAL_Driver/Src/stm32f4xx_hal_cortex.o
                0x00000000080010bc                HAL_NVIC_SetPriority
 .text.HAL_NVIC_EnableIRQ
                0x0000000008001120       0x18 Drivers/STM32F4xx_HAL_Driver/Src/stm32f4xx_hal_cortex.o
                0x0000000008001120                HAL_NVIC_EnableIRQ
 .text.HAL_SYSTICK_Config
                0x0000000008001138       0x2c Drivers/STM32F4xx_HAL_Driver/Src/stm32f4xx_hal_cortex.o
                0x0000000008001138                HAL_SYSTICK_Config
 .text.HAL_SYSTICK_CLKSourceConfig
                0x0000000008001164       0x20 Drivers/STM32F4xx_HAL_Driver/Src/stm32f4xx_hal_cortex.o
                0x0000000008001164                HAL_SYSTICK_CLKSourceConfig
 .text.HAL_SYSTICK_Callback
                0x0000000008001184        0x4 Drivers/STM32F4xx_HAL_Driver/Src/stm32f4xx_hal_cortex.o
                0x0000000008001184                HAL_SYSTICK_Callback
 .text.HAL_SYSTICK_IRQHandler
                0x0000000008001188        0x8 Drivers/STM32F4xx_HAL_Driver/Src/stm32f4xx_hal_cortex.o
                0x0000000008001188                HAL_SYSTICK_IRQHandler
 .text.HAL_DMA_Abort_IT
                0x0000000008001190       0x28 Drivers/STM32F4xx_HAL_Driver/Src/stm32f4xx_hal_dma.o
                0x0000000008001190                HAL_DMA_Abort_IT
 .text.HAL_GPIO_Init
                0x00000000080011b8      0x1c0 Drivers/STM32F4xx_HAL_Driver/Src/stm32f4xx_hal_gpio.o
                0x00000000080011b8                HAL_GPIO_Init
 .text.HAL_GPIO_WritePin
                0x0000000008001378        0xc Drivers/STM32F4xx_HAL_Driver/Src/stm32f4xx_hal_gpio.o
                0x0000000008001378                HAL_GPIO_WritePin
 .text.HAL_GPIO_TogglePin
                0x0000000008001384        0x8 Drivers/STM32F4xx_HAL_Driver/Src/stm32f4xx_hal_gpio.o
                0x0000000008001384                HAL_GPIO_TogglePin
 .text.HCD_RXQLVL_IRQHandler
                0x000000000800138c       0x7c Drivers/STM32F4xx_HAL_Driver/Src/stm32f4xx_hal_hcd.o
 .text.HAL_HCD_HC_Init
                0x0000000008001408       0x74 Drivers/STM32F4xx_HAL_Driver/Src/stm32f4xx_hal_hcd.o
                0x0000000008001408                HAL_HCD_HC_Init
 .text.HAL_HCD_HC_Halt
                0x000000000800147c       0x24 Drivers/STM32F4xx_HAL_Driver/Src/stm32f4xx_hal_hcd.o
                0x000000000800147c                HAL_HCD_HC_Halt
 .text.HAL_HCD_Init
                0x00000000080014a0       0x7c Drivers/STM32F4xx_HAL_Driver/Src/stm32f4xx_hal_hcd.o
                0x00000000080014a0                HAL_HCD_Init
 .text.HAL_HCD_HC_SubmitRequest
                0x000000000800151c      0x1cc Drivers/STM32F4xx_HAL_Driver/Src/stm32f4xx_hal_hcd.o
                0x000000000800151c                HAL_HCD_HC_SubmitRequest
 .text.HCD_Port_IRQHandler
                0x00000000080016e8       0xc4 Drivers/STM32F4xx_HAL_Driver/Src/stm32f4xx_hal_hcd.o
 .text.HCD_HC_IN_IRQHandler
                0x00000000080017ac      0x288 Drivers/STM32F4xx_HAL_Driver/Src/stm32f4xx_hal_hcd.o
 .text.HCD_HC_OUT_IRQHandler
                0x0000000008001a34      0x290 Drivers/STM32F4xx_HAL_Driver/Src/stm32f4xx_hal_hcd.o
 .text.HAL_HCD_IRQHandler
                0x0000000008001cc4      0x13c Drivers/STM32F4xx_HAL_Driver/Src/stm32f4xx_hal_hcd.o
                0x0000000008001cc4                HAL_HCD_IRQHandler
 .text.HAL_HCD_Start
                0x0000000008001e00       0x2c Drivers/STM32F4xx_HAL_Driver/Src/stm32f4xx_hal_hcd.o
                0x0000000008001e00                HAL_HCD_Start
 .text.HAL_HCD_Stop
                0x0000000008001e2c       0x24 Drivers/STM32F4xx_HAL_Driver/Src/stm32f4xx_hal_hcd.o
                0x0000000008001e2c                HAL_HCD_Stop
 .text.HAL_HCD_ResetPort
                0x0000000008001e50        0xc Drivers/STM32F4xx_HAL_Driver/Src/stm32f4xx_hal_hcd.o
                0x0000000008001e50                HAL_HCD_ResetPort
 .text.HAL_HCD_HC_GetURBState
                0x0000000008001e5c       0x10 Drivers/STM32F4xx_HAL_Driver/Src/stm32f4xx_hal_hcd.o
                0x0000000008001e5c                HAL_HCD_HC_GetURBState
 .text.HAL_HCD_HC_GetXferCount
                0x0000000008001e6c        0xc Drivers/STM32F4xx_HAL_Driver/Src/stm32f4xx_hal_hcd.o
                0x0000000008001e6c                HAL_HCD_HC_GetXferCount
 .text.HAL_HCD_GetCurrentFrame
                0x0000000008001e78        0xc Drivers/STM32F4xx_HAL_Driver/Src/stm32f4xx_hal_hcd.o
                0x0000000008001e78                HAL_HCD_GetCurrentFrame
 .text.HAL_HCD_GetCurrentSpeed
                0x0000000008001e84        0xc Drivers/STM32F4xx_HAL_Driver/Src/stm32f4xx_hal_hcd.o
                0x0000000008001e84                HAL_HCD_GetCurrentSpeed
 .text.HAL_RCC_OscConfig
                0x0000000008001e90      0x3c8 Drivers/STM32F4xx_HAL_Driver/Src/stm32f4xx_hal_rcc.o
                0x0000000008001e90                HAL_RCC_OscConfig
 .text.HAL_RCC_GetSysClockFreq
                0x0000000008002258       0xa4 Drivers/STM32F4xx_HAL_Driver/Src/stm32f4xx_hal_rcc.o
                0x0000000008002258                HAL_RCC_GetSysClockFreq
 .text.HAL_RCC_ClockConfig
                0x00000000080022fc      0x1b0 Drivers/STM32F4xx_HAL_Driver/Src/stm32f4xx_hal_rcc.o
                0x00000000080022fc                HAL_RCC_ClockConfig
 .text.HAL_RCC_GetHCLKFreq
                0x00000000080024ac        0xc Drivers/STM32F4xx_HAL_Driver/Src/stm32f4xx_hal_rcc.o
                0x00000000080024ac                HAL_RCC_GetHCLKFreq
 .text.HAL_RCC_GetPCLK1Freq
                0x00000000080024b8       0x30 Drivers/STM32F4xx_HAL_Driver/Src/stm32f4xx_hal_rcc.o
                0x00000000080024b8                HAL_RCC_GetPCLK1Freq
 .text.HAL_RCC_GetPCLK2Freq
                0x00000000080024e8       0x30 Drivers/STM32F4xx_HAL_Driver/Src/stm32f4xx_hal_rcc.o
                0x00000000080024e8                HAL_RCC_GetPCLK2Freq
 .text.SPI_WaitFlagStateUntilTimeout
                0x0000000008002518       0x94 Drivers/STM32F4xx_HAL_Driver/Src/stm32f4xx_hal_spi.o
 .text.SPI_CheckFlag_BSY
                0x00000000080025ac       0x28 Drivers/STM32F4xx_HAL_Driver/Src/stm32f4xx_hal_spi.o
 .text.HAL_SPI_Init
                0x00000000080025d4       0x84 Drivers/STM32F4xx_HAL_Driver/Src/stm32f4xx_hal_spi.o
                0x00000000080025d4                HAL_SPI_Init
 .text.HAL_SPI_Transmit
                0x0000000008002658      0x1b0 Drivers/STM32F4xx_HAL_Driver/Src/stm32f4xx_hal_spi.o
                0x0000000008002658                HAL_SPI_Transmit
 .text.HAL_SPI_TransmitReceive
                0x0000000008002808      0x244 Drivers/STM32F4xx_HAL_Driver/Src/stm32f4xx_hal_spi.o
                0x0000000008002808                HAL_SPI_TransmitReceive
 .text.HAL_SPI_Receive
                0x0000000008002a4c      0x16c Drivers/STM32F4xx_HAL_Driver/Src/stm32f4xx_hal_spi.o
                0x0000000008002a4c                HAL_SPI_Receive
 .text.UART_EndRxTransfer
                0x0000000008002bb8       0x1c Drivers/STM32F4xx_HAL_Driver/Src/stm32f4xx_hal_uart.o
 .text.UART_Transmit_IT
                0x0000000008002bd4       0x6c Drivers/STM32F4xx_HAL_Driver/Src/stm32f4xx_hal_uart.o
 .text.UART_SetConfig
                0x0000000008002c40      0x32c Drivers/STM32F4xx_HAL_Driver/Src/stm32f4xx_hal_uart.o
 .text.UART_WaitOnFlagUntilTimeout
                0x0000000008002f6c       0x68 Drivers/STM32F4xx_HAL_Driver/Src/stm32f4xx_hal_uart.o
 .text.HAL_UART_Init
                0x0000000008002fd4       0x64 Drivers/STM32F4xx_HAL_Driver/Src/stm32f4xx_hal_uart.o
                0x0000000008002fd4                HAL_UART_Init
 .text.HAL_UART_Transmit
                0x0000000008003038       0xe4 Drivers/STM32F4xx_HAL_Driver/Src/stm32f4xx_hal_uart.o
                0x0000000008003038                HAL_UART_Transmit
 .text.HAL_UART_Receive_IT
                0x000000000800311c       0x54 Drivers/STM32F4xx_HAL_Driver/Src/stm32f4xx_hal_uart.o
                0x000000000800311c                HAL_UART_Receive_IT
 .text.HAL_UART_TxCpltCallback
                0x0000000008003170        0x4 Drivers/STM32F4xx_HAL_Driver/Src/stm32f4xx_hal_uart.o
                0x0000000008003170                HAL_UART_TxCpltCallback
 .text.UART_EndTransmit_IT
                0x0000000008003174       0x1c Drivers/STM32F4xx_HAL_Driver/Src/stm32f4xx_hal_uart.o
 .text.UART_Receive_IT
                0x0000000008003190       0x94 Drivers/STM32F4xx_HAL_Driver/Src/stm32f4xx_hal_uart.o
 .text.HAL_UART_ErrorCallback
                0x0000000008003224        0x4 Drivers/STM32F4xx_HAL_Driver/Src/stm32f4xx_hal_uart.o
                0x0000000008003224                HAL_UART_ErrorCallback
 .text.HAL_UART_IRQHandler
                0x0000000008003228      0x11c Drivers/STM32F4xx_HAL_Driver/Src/stm32f4xx_hal_uart.o
                0x0000000008003228                HAL_UART_IRQHandler
 .text.UART_DMAAbortOnError
                0x0000000008003344       0x10 Drivers/STM32F4xx_HAL_Driver/Src/stm32f4xx_hal_uart.o
 .text.USB_CoreInit
                0x0000000008003354       0x78 Drivers/STM32F4xx_HAL_Driver/Src/stm32f4xx_ll_usb.o
                0x0000000008003354                USB_CoreInit
 .text.USB_EnableGlobalInt
                0x00000000080033cc        0xc Drivers/STM32F4xx_HAL_Driver/Src/stm32f4xx_ll_usb.o
                0x00000000080033cc                USB_EnableGlobalInt
 .text.USB_DisableGlobalInt
                0x00000000080033d8        0xc Drivers/STM32F4xx_HAL_Driver/Src/stm32f4xx_ll_usb.o
                0x00000000080033d8                USB_DisableGlobalInt
 .text.USB_SetCurrentMode
                0x00000000080033e4       0x2c Drivers/STM32F4xx_HAL_Driver/Src/stm32f4xx_ll_usb.o
                0x00000000080033e4                USB_SetCurrentMode
 .text.USB_FlushTxFifo
                0x0000000008003410       0x28 Drivers/STM32F4xx_HAL_Driver/Src/stm32f4xx_ll_usb.o
                0x0000000008003410                USB_FlushTxFifo
 .text.USB_FlushRxFifo
                0x0000000008003438       0x24 Drivers/STM32F4xx_HAL_Driver/Src/stm32f4xx_ll_usb.o
                0x0000000008003438                USB_FlushRxFifo
 .text.USB_WritePacket
                0x000000000800345c       0x2c Drivers/STM32F4xx_HAL_Driver/Src/stm32f4xx_ll_usb.o
                0x000000000800345c                USB_WritePacket
 .text.USB_ReadPacket
                0x0000000008003488       0x24 Drivers/STM32F4xx_HAL_Driver/Src/stm32f4xx_ll_usb.o
                0x0000000008003488                USB_ReadPacket
 .text.USB_ReadInterrupts
                0x00000000080034ac        0x8 Drivers/STM32F4xx_HAL_Driver/Src/stm32f4xx_ll_usb.o
                0x00000000080034ac                USB_ReadInterrupts
 .text.USB_GetMode
                0x00000000080034b4        0x8 Drivers/STM32F4xx_HAL_Driver/Src/stm32f4xx_ll_usb.o
                0x00000000080034b4                USB_GetMode
 .text.USB_CoreReset
                0x00000000080034bc       0x3c Drivers/STM32F4xx_HAL_Driver/Src/stm32f4xx_ll_usb.o
 .text.USB_HostInit
                0x00000000080034f8       0xec Drivers/STM32F4xx_HAL_Driver/Src/stm32f4xx_ll_usb.o
                0x00000000080034f8                USB_HostInit
 .text.USB_InitFSLSPClkSel
                0x00000000080035e4       0x40 Drivers/STM32F4xx_HAL_Driver/Src/stm32f4xx_ll_usb.o
                0x00000000080035e4                USB_InitFSLSPClkSel
 .text.USB_ResetPort
                0x0000000008003624       0x34 Drivers/STM32F4xx_HAL_Driver/Src/stm32f4xx_ll_usb.o
                0x0000000008003624                USB_ResetPort
 .text.USB_DriveVbus
                0x0000000008003658       0x40 Drivers/STM32F4xx_HAL_Driver/Src/stm32f4xx_ll_usb.o
                0x0000000008003658                USB_DriveVbus
 .text.USB_GetHostSpeed
                0x0000000008003698       0x14 Drivers/STM32F4xx_HAL_Driver/Src/stm32f4xx_ll_usb.o
                0x0000000008003698                USB_GetHostSpeed
 .text.USB_GetCurrentFrame
                0x00000000080036ac        0xc Drivers/STM32F4xx_HAL_Driver/Src/stm32f4xx_ll_usb.o
                0x00000000080036ac                USB_GetCurrentFrame
 .text.USB_HC_Init
                0x00000000080036b8       0xe8 Drivers/STM32F4xx_HAL_Driver/Src/stm32f4xx_ll_usb.o
                0x00000000080036b8                USB_HC_Init
 .text.USB_HC_StartXfer
                0x00000000080037a0      0x27c Drivers/STM32F4xx_HAL_Driver/Src/stm32f4xx_ll_usb.o
                0x00000000080037a0                USB_HC_StartXfer
 .text.USB_HC_ReadInterrupt
                0x0000000008003a1c       0x20 Drivers/STM32F4xx_HAL_Driver/Src/stm32f4xx_ll_usb.o
                0x0000000008003a1c                USB_HC_ReadInterrupt
 .text.USB_HC_Halt
                0x0000000008003a3c      0x1c8 Drivers/STM32F4xx_HAL_Driver/Src/stm32f4xx_ll_usb.o
                0x0000000008003a3c                USB_HC_Halt
 .text.USB_DoPing
                0x0000000008003c04       0x78 Drivers/STM32F4xx_HAL_Driver/Src/stm32f4xx_ll_usb.o
                0x0000000008003c04                USB_DoPing
 .text.USB_StopHost
                0x0000000008003c7c      0x104 Drivers/STM32F4xx_HAL_Driver/Src/stm32f4xx_ll_usb.o
                0x0000000008003c7c                USB_StopHost
 .text.USBH_MSC_SOFProcess
                0x0000000008003d80        0x4 Middlewares/ST/STM32_USB_Host_Library/Class/MSC/Src/usbh_msc.o
 .text.USBH_MSC_Process
                0x0000000008003d84      0x2a8 Middlewares/ST/STM32_USB_Host_Library/Class/MSC/Src/usbh_msc.o
 .text.USBH_MSC_ClassRequest
                0x000000000800402c       0x64 Middlewares/ST/STM32_USB_Host_Library/Class/MSC/Src/usbh_msc.o
 .text.USBH_MSC_InterfaceDeInit
                0x0000000008004090       0x4c Middlewares/ST/STM32_USB_Host_Library/Class/MSC/Src/usbh_msc.o
 .text.USBH_MSC_InterfaceInit
                0x00000000080040dc      0x130 Middlewares/ST/STM32_USB_Host_Library/Class/MSC/Src/usbh_msc.o
 .text.USBH_MSC_RdWrProcess
                0x000000000800420c       0xf8 Middlewares/ST/STM32_USB_Host_Library/Class/MSC/Src/usbh_msc.o
 .text.USBH_MSC_UnitIsReady
                0x0000000008004304       0x24 Middlewares/ST/STM32_USB_Host_Library/Class/MSC/Src/usbh_msc.o
                0x0000000008004304                USBH_MSC_UnitIsReady
 .text.USBH_MSC_GetLUNInfo
                0x0000000008004328       0x44 Middlewares/ST/STM32_USB_Host_Library/Class/MSC/Src/usbh_msc.o
                0x0000000008004328                USBH_MSC_GetLUNInfo
 .text.USBH_MSC_Read
                0x000000000800436c       0x9c Middlewares/ST/STM32_USB_Host_Library/Class/MSC/Src/usbh_msc.o
                0x000000000800436c                USBH_MSC_Read
 .text.USBH_MSC_Write
                0x0000000008004408       0x9c Middlewares/ST/STM32_USB_Host_Library/Class/MSC/Src/usbh_msc.o
                0x0000000008004408                USBH_MSC_Write
 .text.USBH_MSC_DecodeCSW
                0x00000000080044a4       0x50 Middlewares/ST/STM32_USB_Host_Library/Class/MSC/Src/usbh_msc_bot.o
 .text.USBH_MSC_BOT_Abort
                0x00000000080044f4       0x24 Middlewares/ST/STM32_USB_Host_Library/Class/MSC/Src/usbh_msc_bot.o
 .text.USBH_MSC_BOT_REQ_Reset
                0x0000000008004518       0x1c Middlewares/ST/STM32_USB_Host_Library/Class/MSC/Src/usbh_msc_bot.o
                0x0000000008004518                USBH_MSC_BOT_REQ_Reset
 .text.USBH_MSC_BOT_REQ_GetMaxLUN
                0x0000000008004534       0x1c Middlewares/ST/STM32_USB_Host_Library/Class/MSC/Src/usbh_msc_bot.o
                0x0000000008004534                USBH_MSC_BOT_REQ_GetMaxLUN
 .text.USBH_MSC_BOT_Init
                0x0000000008004550       0x24 Middlewares/ST/STM32_USB_Host_Library/Class/MSC/Src/usbh_msc_bot.o
                0x0000000008004550                USBH_MSC_BOT_Init
 .text.USBH_MSC_BOT_Process
                0x0000000008004574      0x268 Middlewares/ST/STM32_USB_Host_Library/Class/MSC/Src/usbh_msc_bot.o
                0x0000000008004574                USBH_MSC_BOT_Process
 .text.USBH_MSC_SCSI_TestUnitReady
                0x00000000080047dc       0x50 Middlewares/ST/STM32_USB_Host_Library/Class/MSC/Src/usbh_msc_scsi.o
                0x00000000080047dc                USBH_MSC_SCSI_TestUnitReady
 .text.USBH_MSC_SCSI_ReadCapacity
                0x000000000800482c       0x90 Middlewares/ST/STM32_USB_Host_Library/Class/MSC/Src/usbh_msc_scsi.o
                0x000000000800482c                USBH_MSC_SCSI_ReadCapacity
 .text.USBH_MSC_SCSI_Inquiry
                0x00000000080048bc       0xd0 Middlewares/ST/STM32_USB_Host_Library/Class/MSC/Src/usbh_msc_scsi.o
                0x00000000080048bc                USBH_MSC_SCSI_Inquiry
 .text.USBH_MSC_SCSI_RequestSense
                0x000000000800498c       0x94 Middlewares/ST/STM32_USB_Host_Library/Class/MSC/Src/usbh_msc_scsi.o
                0x000000000800498c                USBH_MSC_SCSI_RequestSense
 .text.USBH_MSC_SCSI_Write
                0x0000000008004a20       0x90 Middlewares/ST/STM32_USB_Host_Library/Class/MSC/Src/usbh_msc_scsi.o
                0x0000000008004a20                USBH_MSC_SCSI_Write
 .text.USBH_MSC_SCSI_Read
                0x0000000008004ab0       0x94 Middlewares/ST/STM32_USB_Host_Library/Class/MSC/Src/usbh_msc_scsi.o
                0x0000000008004ab0                USBH_MSC_SCSI_Read
 .text.DeInitStateMachine
                0x0000000008004b44       0x4c Middlewares/ST/STM32_USB_Host_Library/Core/Src/usbh_core.o
 .text.USBH_HandleSof
                0x0000000008004b90       0x18 Middlewares/ST/STM32_USB_Host_Library/Core/Src/usbh_core.o
 .text.USBH_HandleEnum
                0x0000000008004ba8      0x174 Middlewares/ST/STM32_USB_Host_Library/Core/Src/usbh_core.o
 .text.USBH_Init
                0x0000000008004d1c       0x30 Middlewares/ST/STM32_USB_Host_Library/Core/Src/usbh_core.o
                0x0000000008004d1c                USBH_Init
 .text.USBH_RegisterClass
                0x0000000008004d4c       0x24 Middlewares/ST/STM32_USB_Host_Library/Core/Src/usbh_core.o
                0x0000000008004d4c                USBH_RegisterClass
 .text.USBH_SelectInterface
                0x0000000008004d70       0x14 Middlewares/ST/STM32_USB_Host_Library/Core/Src/usbh_core.o
                0x0000000008004d70                USBH_SelectInterface
 .text.USBH_FindInterface
                0x0000000008004d84       0x50 Middlewares/ST/STM32_USB_Host_Library/Core/Src/usbh_core.o
                0x0000000008004d84                USBH_FindInterface
 .text.USBH_Start
                0x0000000008004dd4       0x14 Middlewares/ST/STM32_USB_Host_Library/Core/Src/usbh_core.o
                0x0000000008004dd4                USBH_Start
 .text.USBH_Process
                0x0000000008004de8      0x198 Middlewares/ST/STM32_USB_Host_Library/Core/Src/usbh_core.o
                0x0000000008004de8                USBH_Process
 .text.USBH_LL_SetTimer
                0x0000000008004f80        0x8 Middlewares/ST/STM32_USB_Host_Library/Core/Src/usbh_core.o
                0x0000000008004f80                USBH_LL_SetTimer
 .text.USBH_LL_IncTimer
                0x0000000008004f88       0x14 Middlewares/ST/STM32_USB_Host_Library/Core/Src/usbh_core.o
                0x0000000008004f88                USBH_LL_IncTimer
 .text.USBH_LL_Connect
                0x0000000008004f9c       0x2c Middlewares/ST/STM32_USB_Host_Library/Core/Src/usbh_core.o
                0x0000000008004f9c                USBH_LL_Connect
 .text.USBH_LL_Disconnect
                0x0000000008004fc8       0x38 Middlewares/ST/STM32_USB_Host_Library/Core/Src/usbh_core.o
                0x0000000008004fc8                USBH_LL_Disconnect
 .text.USBH_ParseDevDesc
                0x0000000008005000       0x5c Middlewares/ST/STM32_USB_Host_Library/Core/Src/usbh_ctlreq.o
 .text.USBH_ParseInterfaceDesc
                0x000000000800505c       0x28 Middlewares/ST/STM32_USB_Host_Library/Core/Src/usbh_ctlreq.o
 .text.USBH_ParseEPDesc
                0x0000000008005084       0x20 Middlewares/ST/STM32_USB_Host_Library/Core/Src/usbh_ctlreq.o
 .text.USBH_ParseStringDesc
                0x00000000080050a4       0x34 Middlewares/ST/STM32_USB_Host_Library/Core/Src/usbh_ctlreq.o
 .text.USBH_HandleControl
                0x00000000080050d8      0x1cc Middlewares/ST/STM32_USB_Host_Library/Core/Src/usbh_ctlreq.o
 .text.USBH_GetNextDesc
                0x00000000080052a4       0x10 Middlewares/ST/STM32_USB_Host_Library/Core/Src/usbh_ctlreq.o
                0x00000000080052a4                USBH_GetNextDesc
 .text.USBH_ParseCfgDesc
                0x00000000080052b4       0xc8 Middlewares/ST/STM32_USB_Host_Library/Core/Src/usbh_ctlreq.o
 .text.USBH_CtlReq
                0x000000000800537c       0x44 Middlewares/ST/STM32_USB_Host_Library/Core/Src/usbh_ctlreq.o
                0x000000000800537c                USBH_CtlReq
 .text.USBH_GetDescriptor
                0x00000000080053c0       0x3c Middlewares/ST/STM32_USB_Host_Library/Core/Src/usbh_ctlreq.o
                0x00000000080053c0                USBH_GetDescriptor
 .text.USBH_Get_DevDesc
                0x00000000080053fc       0x30 Middlewares/ST/STM32_USB_Host_Library/Core/Src/usbh_ctlreq.o
                0x00000000080053fc                USBH_Get_DevDesc
 .text.USBH_Get_CfgDesc
                0x000000000800542c       0x30 Middlewares/ST/STM32_USB_Host_Library/Core/Src/usbh_ctlreq.o
                0x000000000800542c                USBH_Get_CfgDesc
 .text.USBH_Get_StringDesc
                0x000000000800545c       0x30 Middlewares/ST/STM32_USB_Host_Library/Core/Src/usbh_ctlreq.o
                0x000000000800545c                USBH_Get_StringDesc
 .text.USBH_SetAddress
                0x000000000800548c       0x20 Middlewares/ST/STM32_USB_Host_Library/Core/Src/usbh_ctlreq.o
                0x000000000800548c                USBH_SetAddress
 .text.USBH_SetCfg
                0x00000000080054ac       0x20 Middlewares/ST/STM32_USB_Host_Library/Core/Src/usbh_ctlreq.o
                0x00000000080054ac                USBH_SetCfg
 .text.USBH_ClrFeature
                0x00000000080054cc       0x24 Middlewares/ST/STM32_USB_Host_Library/Core/Src/usbh_ctlreq.o
                0x00000000080054cc                USBH_ClrFeature
 .text.USBH_CtlSendSetup
                0x00000000080054f0       0x24 Middlewares/ST/STM32_USB_Host_Library/Core/Src/usbh_ioreq.o
                0x00000000080054f0                USBH_CtlSendSetup
 .text.USBH_CtlSendData
                0x0000000008005514       0x2c Middlewares/ST/STM32_USB_Host_Library/Core/Src/usbh_ioreq.o
                0x0000000008005514                USBH_CtlSendData
 .text.USBH_CtlReceiveData
                0x0000000008005540       0x20 Middlewares/ST/STM32_USB_Host_Library/Core/Src/usbh_ioreq.o
                0x0000000008005540                USBH_CtlReceiveData
 .text.USBH_BulkSendData
                0x0000000008005560       0x2c Middlewares/ST/STM32_USB_Host_Library/Core/Src/usbh_ioreq.o
                0x0000000008005560                USBH_BulkSendData
 .text.USBH_BulkReceiveData
                0x000000000800558c       0x20 Middlewares/ST/STM32_USB_Host_Library/Core/Src/usbh_ioreq.o
                0x000000000800558c                USBH_BulkReceiveData
 .text.USBH_GetFreePipe
                0x00000000080055ac       0x28 Middlewares/ST/STM32_USB_Host_Library/Core/Src/usbh_pipes.o
 .text.USBH_OpenPipe
                0x00000000080055d4       0x20 Middlewares/ST/STM32_USB_Host_Library/Core/Src/usbh_pipes.o
                0x00000000080055d4                USBH_OpenPipe
 .text.USBH_ClosePipe
                0x00000000080055f4        0xc Middlewares/ST/STM32_USB_Host_Library/Core/Src/usbh_pipes.o
                0x00000000080055f4                USBH_ClosePipe
 .text.USBH_AllocPipe
                0x0000000008005600       0x24 Middlewares/ST/STM32_USB_Host_Library/Core/Src/usbh_pipes.o
                0x0000000008005600                USBH_AllocPipe
 .text.USBH_FreePipe
                0x0000000008005624       0x18 Middlewares/ST/STM32_USB_Host_Library/Core/Src/usbh_pipes.o
                0x0000000008005624                USBH_FreePipe
 .text.disk_status
                0x000000000800563c       0x18 Middlewares/Third_Party/FatFs/src/diskio.o
                0x000000000800563c                disk_status
 .text.disk_initialize
                0x0000000008005654       0x28 Middlewares/Third_Party/FatFs/src/diskio.o
                0x0000000008005654                disk_initialize
 .text.disk_read
                0x000000000800567c       0x18 Middlewares/Third_Party/FatFs/src/diskio.o
                0x000000000800567c                disk_read
 .text.disk_write
                0x0000000008005694       0x18 Middlewares/Third_Party/FatFs/src/diskio.o
                0x0000000008005694                disk_write
 .text.disk_ioctl
                0x00000000080056ac       0x18 Middlewares/Third_Party/FatFs/src/diskio.o
                0x00000000080056ac                disk_ioctl
 .text.mem_cpy  0x00000000080056c4       0x14 Middlewares/Third_Party/FatFs/src/ff.o
 .text.mem_set  0x00000000080056d8       0x10 Middlewares/Third_Party/FatFs/src/ff.o
 .text.mem_cmp  0x00000000080056e8       0x24 Middlewares/Third_Party/FatFs/src/ff.o
 .text.chk_chr  0x000000000800570c       0x10 Middlewares/Third_Party/FatFs/src/ff.o
 .text.chk_lock
                0x000000000800571c       0x8c Middlewares/Third_Party/FatFs/src/ff.o
 .text.enq_lock
                0x00000000080057a8       0x24 Middlewares/Third_Party/FatFs/src/ff.o
 .text.inc_lock
                0x00000000080057cc       0xd0 Middlewares/Third_Party/FatFs/src/ff.o
 .text.dec_lock
                0x000000000800589c       0x48 Middlewares/Third_Party/FatFs/src/ff.o
 .text.clear_lock
                0x00000000080058e4       0x30 Middlewares/Third_Party/FatFs/src/ff.o
 .text.clmt_clust
                0x0000000008005914       0x2c Middlewares/Third_Party/FatFs/src/ff.o
 .text.ld_clust
                0x0000000008005940       0x20 Middlewares/Third_Party/FatFs/src/ff.o
 .text.st_clust
                0x0000000008005960       0x14 Middlewares/Third_Party/FatFs/src/ff.o
 .text.create_name
                0x0000000008005974      0x118 Middlewares/Third_Party/FatFs/src/ff.o
 .text.get_ldnumber
                0x0000000008005a8c       0x54 Middlewares/Third_Party/FatFs/src/ff.o
 .text.sync_window
                0x0000000008005ae0       0x64 Middlewares/Third_Party/FatFs/src/ff.o
 .text.move_window
                0x0000000008005b44       0x38 Middlewares/Third_Party/FatFs/src/ff.o
 .text.check_fs
                0x0000000008005b7c       0x94 Middlewares/Third_Party/FatFs/src/ff.o
 .text.validate
                0x0000000008005c10       0x44 Middlewares/Third_Party/FatFs/src/ff.o
 .text.find_volume
                0x0000000008005c54      0x384 Middlewares/Third_Party/FatFs/src/ff.o
 .text.sync_fs  0x0000000008005fd8       0xc4 Middlewares/Third_Party/FatFs/src/ff.o
 .text.clust2sect
                0x000000000800609c       0x20 Middlewares/Third_Party/FatFs/src/ff.o
                0x000000000800609c                clust2sect
 .text.get_fat  0x00000000080060bc       0xe0 Middlewares/Third_Party/FatFs/src/ff.o
                0x00000000080060bc                get_fat
 .text.dir_sdi  0x000000000800619c       0xb4 Middlewares/Third_Party/FatFs/src/ff.o
 .text.put_fat  0x0000000008006250      0x120 Middlewares/Third_Party/FatFs/src/ff.o
                0x0000000008006250                put_fat
 .text.create_chain
                0x0000000008006370       0xcc Middlewares/Third_Party/FatFs/src/ff.o
 .text.dir_next
                0x000000000800643c      0x158 Middlewares/Third_Party/FatFs/src/ff.o
 .text.dir_find
                0x0000000008006594       0x54 Middlewares/Third_Party/FatFs/src/ff.o
 .text.follow_path
                0x00000000080065e8       0x8c Middlewares/Third_Party/FatFs/src/ff.o
 .text.dir_alloc
                0x0000000008006674       0x50 Middlewares/Third_Party/FatFs/src/ff.o
 .text.dir_register
                0x00000000080066c4       0x48 Middlewares/Third_Party/FatFs/src/ff.o
 .text.remove_chain
                0x000000000800670c       0x74 Middlewares/Third_Party/FatFs/src/ff.o
 .text.f_mount  0x0000000008006780       0x64 Middlewares/Third_Party/FatFs/src/ff.o
                0x0000000008006780                f_mount
 .text.f_open   0x00000000080067e4      0x1b4 Middlewares/Third_Party/FatFs/src/ff.o
                0x00000000080067e4                f_open
 .text.f_write  0x0000000008006998      0x208 Middlewares/Third_Party/FatFs/src/ff.o
                0x0000000008006998                f_write
 .text.f_sync   0x0000000008006ba0       0xc4 Middlewares/Third_Party/FatFs/src/ff.o
                0x0000000008006ba0                f_sync
 .text.f_close  0x0000000008006c64       0x2c Middlewares/Third_Party/FatFs/src/ff.o
                0x0000000008006c64                f_close
 .text.f_lseek  0x0000000008006c90      0x334 Middlewares/Third_Party/FatFs/src/ff.o
                0x0000000008006c90                f_lseek
 .text.FATFS_LinkDriverEx
                0x0000000008006fc4       0x4c Middlewares/Third_Party/FatFs/src/ff_gen_drv.o
                0x0000000008006fc4                FATFS_LinkDriverEx
 .text.FATFS_LinkDriver
                0x0000000008007010        0xc Middlewares/Third_Party/FatFs/src/ff_gen_drv.o
                0x0000000008007010                FATFS_LinkDriver
 .text.FATFS_UnLinkDriverEx
                0x000000000800701c       0x40 Middlewares/Third_Party/FatFs/src/ff_gen_drv.o
                0x000000000800701c                FATFS_UnLinkDriverEx
 .text.FATFS_UnLinkDriver
                0x000000000800705c        0xc Middlewares/Third_Party/FatFs/src/ff_gen_drv.o
                0x000000000800705c                FATFS_UnLinkDriver
 .text.USBH_initialize
                0x0000000008007068        0x4 Middlewares/Third_Party/FatFs/src/drivers/usbh_diskio.o
                0x0000000008007068                USBH_initialize
 .text.USBH_status
                0x000000000800706c       0x18 Middlewares/Third_Party/FatFs/src/drivers/usbh_diskio.o
                0x000000000800706c                USBH_status
 .text.USBH_read
                0x0000000008007084       0x4c Middlewares/Third_Party/FatFs/src/drivers/usbh_diskio.o
                0x0000000008007084                USBH_read
 .text.USBH_ioctl
                0x00000000080070d0       0x68 Middlewares/Third_Party/FatFs/src/drivers/usbh_diskio.o
                0x00000000080070d0                USBH_ioctl
 .text.USBH_write
                0x0000000008007138       0x5c Middlewares/Third_Party/FatFs/src/drivers/usbh_diskio.o
                0x0000000008007138                USBH_write
 .text.MX_FATFS_Init
                0x0000000008007194       0x1c Src/fatfs.o
                0x0000000008007194                MX_FATFS_Init
 .text.get_fattime
                0x00000000080071b0        0x4 Src/fatfs.o
                0x00000000080071b0                get_fattime
 .text.USBH_UserPro
                0x00000000080071b4       0x2c Src/main.o
 .text.MX_GPIO_Init
                0x00000000080071e0      0x1e0 Src/main.o
 .text.ftoa     0x00000000080073c0       0xa4 Src/main.o
                0x00000000080073c0                ftoa
 .text.USB_Error_Handle
                0x0000000008007464       0x14 Src/main.o
                0x0000000008007464                USB_Error_Handle
 .text.USB_write
                0x0000000008007478       0x7c Src/main.o
                0x0000000008007478                USB_write
 .text.USB_HOST_Init
                0x00000000080074f4       0x2c Src/main.o
                0x00000000080074f4                USB_HOST_Init
 .text.USB_HOST_Process
                0x0000000008007520       0x10 Src/main.o
                0x0000000008007520                USB_HOST_Process
 .text.HAL_UART_RxCpltCallback
                0x0000000008007530       0xf0 Src/main.o
                0x0000000008007530                HAL_UART_RxCpltCallback
 .text._Error_Handler
                0x0000000008007620        0x4 Src/main.o
                0x0000000008007620                _Error_Handler
 .text.MX_USART2_UART_Init
                0x0000000008007624       0x3c Src/main.o
 .text.MX_SPI1_Init
                0x0000000008007660       0x4c Src/main.o
 .text.MX_ADC3_Init
                0x00000000080076ac       0x74 Src/main.o
 .text.SystemClock_Config
                0x0000000008007720       0xcc Src/main.o
                0x0000000008007720                SystemClock_Config
 *fill*         0x00000000080077ec        0x4 
 .text.main     0x00000000080077f0      0x3d4 Src/main.o
                0x00000000080077f0                main
 .text.HAL_MspInit
                0x0000000008007bc4       0x60 Src/stm32f4xx_hal_msp.o
                0x0000000008007bc4                HAL_MspInit
 .text.HAL_ADC_MspInit
                0x0000000008007c24       0x48 Src/stm32f4xx_hal_msp.o
                0x0000000008007c24                HAL_ADC_MspInit
 .text.HAL_UART_MspInit
                0x0000000008007c6c       0x60 Src/stm32f4xx_hal_msp.o
                0x0000000008007c6c                HAL_UART_MspInit
 .text.HAL_SPI_MspInit
                0x0000000008007ccc       0x50 Src/stm32f4xx_hal_msp.o
                0x0000000008007ccc                HAL_SPI_MspInit
 .text.SysTick_Handler
                0x0000000008007d1c        0xc Src/stm32f4xx_it.o
                0x0000000008007d1c                SysTick_Handler
 .text.USART2_IRQHandler
                0x0000000008007d28       0x10 Src/stm32f4xx_it.o
                0x0000000008007d28                USART2_IRQHandler
 .text.OTG_FS_IRQHandler
                0x0000000008007d38       0x10 Src/stm32f4xx_it.o
                0x0000000008007d38                OTG_FS_IRQHandler
 .text.SystemInit
                0x0000000008007d48       0x4c Src/system_stm32f4xx.o
                0x0000000008007d48                SystemInit
 .text.HAL_HCD_MspInit
                0x0000000008007d94       0x78 Src/usbh_conf.o
                0x0000000008007d94                HAL_HCD_MspInit
 .text.HAL_HCD_SOF_Callback
                0x0000000008007e0c        0xc Src/usbh_conf.o
                0x0000000008007e0c                HAL_HCD_SOF_Callback
 .text.HAL_HCD_Connect_Callback
                0x0000000008007e18        0xc Src/usbh_conf.o
                0x0000000008007e18                HAL_HCD_Connect_Callback
 .text.HAL_HCD_Disconnect_Callback
                0x0000000008007e24        0xc Src/usbh_conf.o
                0x0000000008007e24                HAL_HCD_Disconnect_Callback
 .text.HAL_HCD_HC_NotifyURBChange_Callback
                0x0000000008007e30        0x4 Src/usbh_conf.o
                0x0000000008007e30                HAL_HCD_HC_NotifyURBChange_Callback
 .text.USBH_LL_Init
                0x0000000008007e34       0x5c Src/usbh_conf.o
                0x0000000008007e34                USBH_LL_Init
 .text.USBH_LL_Start
                0x0000000008007e90       0x20 Src/usbh_conf.o
                0x0000000008007e90                USBH_LL_Start
 .text.USBH_LL_Stop
                0x0000000008007eb0       0x20 Src/usbh_conf.o
                0x0000000008007eb0                USBH_LL_Stop
 .text.USBH_LL_GetSpeed
                0x0000000008007ed0       0x20 Src/usbh_conf.o
                0x0000000008007ed0                USBH_LL_GetSpeed
 .text.USBH_LL_ResetPort
                0x0000000008007ef0       0x20 Src/usbh_conf.o
                0x0000000008007ef0                USBH_LL_ResetPort
 .text.USBH_LL_GetLastXferSize
                0x0000000008007f10        0xc Src/usbh_conf.o
                0x0000000008007f10                USBH_LL_GetLastXferSize
 .text.USBH_LL_OpenPipe
                0x0000000008007f1c       0x34 Src/usbh_conf.o
                0x0000000008007f1c                USBH_LL_OpenPipe
 .text.USBH_LL_ClosePipe
                0x0000000008007f50       0x20 Src/usbh_conf.o
                0x0000000008007f50                USBH_LL_ClosePipe
 .text.USBH_LL_SubmitURB
                0x0000000008007f70       0x38 Src/usbh_conf.o
                0x0000000008007f70                USBH_LL_SubmitURB
 .text.USBH_LL_GetURBState
                0x0000000008007fa8        0xc Src/usbh_conf.o
                0x0000000008007fa8                USBH_LL_GetURBState
 .text.USBH_LL_DriverVBUS
                0x0000000008007fb4       0x1c Src/usbh_conf.o
                0x0000000008007fb4                USBH_LL_DriverVBUS
 .text.USBH_LL_SetToggle
                0x0000000008007fd0       0x34 Src/usbh_conf.o
                0x0000000008007fd0                USBH_LL_SetToggle
 .text.USBH_LL_GetToggle
                0x0000000008008004       0x2c Src/usbh_conf.o
                0x0000000008008004                USBH_LL_GetToggle
 .text.USBH_Delay
                0x0000000008008030        0x8 Src/usbh_conf.o
                0x0000000008008030                USBH_Delay
 .text.MX_DriverVbusFS
                0x0000000008008038       0x18 Src/usbh_platform.o
                0x0000000008008038                MX_DriverVbusFS
 .text.Reset_Handler
                0x0000000008008050       0x50 startup/startup_stm32f407xx.o
                0x0000000008008050                Reset_Handler
 .text.Default_Handler
                0x00000000080080a0        0x2 startup/startup_stm32f407xx.o
                0x00000000080080a0                DMA1_Stream3_IRQHandler
                0x00000000080080a0                HASH_RNG_IRQHandler
                0x00000000080080a0                EXTI2_IRQHandler
                0x00000000080080a0                TIM8_CC_IRQHandler
                0x00000000080080a0                DebugMon_Handler
                0x00000000080080a0                TIM1_CC_IRQHandler
                0x00000000080080a0                DMA2_Stream5_IRQHandler
                0x00000000080080a0                HardFault_Handler
                0x00000000080080a0                DMA1_Stream5_IRQHandler
                0x00000000080080a0                PVD_IRQHandler
                0x00000000080080a0                SDIO_IRQHandler
                0x00000000080080a0                TAMP_STAMP_IRQHandler
                0x00000000080080a0                PendSV_Handler
                0x00000000080080a0                NMI_Handler
                0x00000000080080a0                CAN2_RX1_IRQHandler
                0x00000000080080a0                EXTI3_IRQHandler
                0x00000000080080a0                TIM8_TRG_COM_TIM14_IRQHandler
                0x00000000080080a0                TIM1_UP_TIM10_IRQHandler
                0x00000000080080a0                TIM8_UP_TIM13_IRQHandler
                0x00000000080080a0                I2C3_ER_IRQHandler
                0x00000000080080a0                EXTI0_IRQHandler
                0x00000000080080a0                I2C2_EV_IRQHandler
                0x00000000080080a0                DMA1_Stream2_IRQHandler
                0x00000000080080a0                CAN1_RX0_IRQHandler
                0x00000000080080a0                FPU_IRQHandler
                0x00000000080080a0                OTG_HS_WKUP_IRQHandler
                0x00000000080080a0                UsageFault_Handler
                0x00000000080080a0                CAN2_SCE_IRQHandler
                0x00000000080080a0                DMA2_Stream2_IRQHandler
                0x00000000080080a0                SPI1_IRQHandler
                0x00000000080080a0                TIM6_DAC_IRQHandler
                0x00000000080080a0                TIM1_BRK_TIM9_IRQHandler
                0x00000000080080a0                DCMI_IRQHandler
                0x00000000080080a0                CAN2_RX0_IRQHandler
                0x00000000080080a0                DMA2_Stream3_IRQHandler
                0x00000000080080a0                USART6_IRQHandler
                0x00000000080080a0                USART3_IRQHandler
                0x00000000080080a0                CAN1_RX1_IRQHandler
                0x00000000080080a0                UART5_IRQHandler
                0x00000000080080a0                DMA2_Stream0_IRQHandler
                0x00000000080080a0                TIM4_IRQHandler
                0x00000000080080a0                I2C1_EV_IRQHandler
                0x00000000080080a0                DMA1_Stream6_IRQHandler
                0x00000000080080a0                DMA1_Stream1_IRQHandler
                0x00000000080080a0                UART4_IRQHandler
                0x00000000080080a0                TIM3_IRQHandler
                0x00000000080080a0                RCC_IRQHandler
                0x00000000080080a0                TIM8_BRK_TIM12_IRQHandler
                0x00000000080080a0                Default_Handler
                0x00000000080080a0                EXTI15_10_IRQHandler
                0x00000000080080a0                ADC_IRQHandler
                0x00000000080080a0                DMA1_Stream7_IRQHandler
                0x00000000080080a0                TIM7_IRQHandler
                0x00000000080080a0                CAN2_TX_IRQHandler
                0x00000000080080a0                TIM5_IRQHandler
                0x00000000080080a0                DMA2_Stream7_IRQHandler
                0x00000000080080a0                I2C3_EV_IRQHandler
                0x00000000080080a0                EXTI9_5_IRQHandler
                0x00000000080080a0                RTC_WKUP_IRQHandler
                0x00000000080080a0                ETH_WKUP_IRQHandler
                0x00000000080080a0                SPI2_IRQHandler
                0x00000000080080a0                OTG_HS_EP1_IN_IRQHandler
                0x00000000080080a0                MemManage_Handler
                0x00000000080080a0                DMA1_Stream0_IRQHandler
                0x00000000080080a0                CAN1_TX_IRQHandler
                0x00000000080080a0                SVC_Handler
                0x00000000080080a0                EXTI4_IRQHandler
                0x00000000080080a0                FSMC_IRQHandler
                0x00000000080080a0                ETH_IRQHandler
                0x00000000080080a0                OTG_HS_EP1_OUT_IRQHandler
                0x00000000080080a0                WWDG_IRQHandler
                0x00000000080080a0                TIM2_IRQHandler
                0x00000000080080a0                OTG_FS_WKUP_IRQHandler
                0x00000000080080a0                TIM1_TRG_COM_TIM11_IRQHandler
                0x00000000080080a0                OTG_HS_IRQHandler
                0x00000000080080a0                EXTI1_IRQHandler
                0x00000000080080a0                I2C2_ER_IRQHandler
                0x00000000080080a0                DMA2_Stream1_IRQHandler
                0x00000000080080a0                CAN1_SCE_IRQHandler
                0x00000000080080a0                FLASH_IRQHandler
                0x00000000080080a0                DMA2_Stream4_IRQHandler
                0x00000000080080a0                BusFault_Handler
                0x00000000080080a0                USART1_IRQHandler
                0x00000000080080a0                SPI3_IRQHandler
                0x00000000080080a0                DMA1_Stream4_IRQHandler
                0x00000000080080a0                I2C1_ER_IRQHandler
                0x00000000080080a0                DMA2_Stream6_IRQHandler
                0x00000000080080a0                RTC_Alarm_IRQHandler
 *fill*         0x00000000080080a2        0x2 
 .text.__libc_init_array
                0x00000000080080a4       0x4c /Applications/Ac6/SystemWorkbench.app/Contents/Eclipse/plugins/fr.ac6.mcu.externaltools.arm-none.macos64_1.13.1.201707031232/tools/compiler/bin/../lib/gcc/arm-none-eabi/5.4.1/../../../../arm-none-eabi/lib/armv7e-m/fpu/libc_nano.a(lib_a-init.o)
                0x00000000080080a4                __libc_init_array
 .text.__itoa   0x00000000080080f0       0x2e /Applications/Ac6/SystemWorkbench.app/Contents/Eclipse/plugins/fr.ac6.mcu.externaltools.arm-none.macos64_1.13.1.201707031232/tools/compiler/bin/../lib/gcc/arm-none-eabi/5.4.1/../../../../arm-none-eabi/lib/armv7e-m/fpu/libc_nano.a(lib_a-itoa.o)
                0x00000000080080f0                __itoa
 .text.itoa     0x000000000800811e        0x4 /Applications/Ac6/SystemWorkbench.app/Contents/Eclipse/plugins/fr.ac6.mcu.externaltools.arm-none.macos64_1.13.1.201707031232/tools/compiler/bin/../lib/gcc/arm-none-eabi/5.4.1/../../../../arm-none-eabi/lib/armv7e-m/fpu/libc_nano.a(lib_a-itoa.o)
                0x000000000800811e                itoa
 *fill*         0x0000000008008122        0x2 
 .text.malloc   0x0000000008008124       0x10 /Applications/Ac6/SystemWorkbench.app/Contents/Eclipse/plugins/fr.ac6.mcu.externaltools.arm-none.macos64_1.13.1.201707031232/tools/compiler/bin/../lib/gcc/arm-none-eabi/5.4.1/../../../../arm-none-eabi/lib/armv7e-m/fpu/libc_nano.a(lib_a-malloc.o)
                0x0000000008008124                malloc
 .text.free     0x0000000008008134       0x10 /Applications/Ac6/SystemWorkbench.app/Contents/Eclipse/plugins/fr.ac6.mcu.externaltools.arm-none.macos64_1.13.1.201707031232/tools/compiler/bin/../lib/gcc/arm-none-eabi/5.4.1/../../../../arm-none-eabi/lib/armv7e-m/fpu/libc_nano.a(lib_a-malloc.o)
                0x0000000008008134                free
 .text.memset   0x0000000008008144       0x10 /Applications/Ac6/SystemWorkbench.app/Contents/Eclipse/plugins/fr.ac6.mcu.externaltools.arm-none.macos64_1.13.1.201707031232/tools/compiler/bin/../lib/gcc/arm-none-eabi/5.4.1/../../../../arm-none-eabi/lib/armv7e-m/fpu/libc_nano.a(lib_a-memset.o)
                0x0000000008008144                memset
 .text._free_r  0x0000000008008154       0x9c /Applications/Ac6/SystemWorkbench.app/Contents/Eclipse/plugins/fr.ac6.mcu.externaltools.arm-none.macos64_1.13.1.201707031232/tools/compiler/bin/../lib/gcc/arm-none-eabi/5.4.1/../../../../arm-none-eabi/lib/armv7e-m/fpu/libc_nano.a(lib_a-nano-freer.o)
                0x0000000008008154                _free_r
 .text._malloc_r
                0x00000000080081f0       0xbc /Applications/Ac6/SystemWorkbench.app/Contents/Eclipse/plugins/fr.ac6.mcu.externaltools.arm-none.macos64_1.13.1.201707031232/tools/compiler/bin/../lib/gcc/arm-none-eabi/5.4.1/../../../../arm-none-eabi/lib/armv7e-m/fpu/libc_nano.a(lib_a-nano-mallocr.o)
                0x00000000080081f0                _malloc_r
 .text._sbrk_r  0x00000000080082ac       0x20 /Applications/Ac6/SystemWorkbench.app/Contents/Eclipse/plugins/fr.ac6.mcu.externaltools.arm-none.macos64_1.13.1.201707031232/tools/compiler/bin/../lib/gcc/arm-none-eabi/5.4.1/../../../../arm-none-eabi/lib/armv7e-m/fpu/libc_nano.a(lib_a-sbrkr.o)
                0x00000000080082ac                _sbrk_r
 .text.strcat   0x00000000080082cc       0x1e /Applications/Ac6/SystemWorkbench.app/Contents/Eclipse/plugins/fr.ac6.mcu.externaltools.arm-none.macos64_1.13.1.201707031232/tools/compiler/bin/../lib/gcc/arm-none-eabi/5.4.1/../../../../arm-none-eabi/lib/armv7e-m/fpu/libc_nano.a(lib_a-strcat.o)
                0x00000000080082cc                strcat
 .text.strncmp  0x00000000080082ea       0x2a /Applications/Ac6/SystemWorkbench.app/Contents/Eclipse/plugins/fr.ac6.mcu.externaltools.arm-none.macos64_1.13.1.201707031232/tools/compiler/bin/../lib/gcc/arm-none-eabi/5.4.1/../../../../arm-none-eabi/lib/armv7e-m/fpu/libc_nano.a(lib_a-strncmp.o)
                0x00000000080082ea                strncmp
 .text.__utoa   0x0000000008008314       0x78 /Applications/Ac6/SystemWorkbench.app/Contents/Eclipse/plugins/fr.ac6.mcu.externaltools.arm-none.macos64_1.13.1.201707031232/tools/compiler/bin/../lib/gcc/arm-none-eabi/5.4.1/../../../../arm-none-eabi/lib/armv7e-m/fpu/libc_nano.a(lib_a-utoa.o)
                0x0000000008008314                __utoa
 .text.__malloc_lock
                0x000000000800838c        0x2 /Applications/Ac6/SystemWorkbench.app/Contents/Eclipse/plugins/fr.ac6.mcu.externaltools.arm-none.macos64_1.13.1.201707031232/tools/compiler/bin/../lib/gcc/arm-none-eabi/5.4.1/../../../../arm-none-eabi/lib/armv7e-m/fpu/libc_nano.a(lib_a-mlock.o)
                0x000000000800838c                __malloc_lock
 .text.__malloc_unlock
                0x000000000800838e        0x2 /Applications/Ac6/SystemWorkbench.app/Contents/Eclipse/plugins/fr.ac6.mcu.externaltools.arm-none.macos64_1.13.1.201707031232/tools/compiler/bin/../lib/gcc/arm-none-eabi/5.4.1/../../../../arm-none-eabi/lib/armv7e-m/fpu/libc_nano.a(lib_a-mlock.o)
                0x000000000800838e                __malloc_unlock
 .text._sbrk    0x0000000008008390       0x1c /Applications/Ac6/SystemWorkbench.app/Contents/Eclipse/plugins/fr.ac6.mcu.externaltools.arm-none.macos64_1.13.1.201707031232/tools/compiler/bin/../lib/gcc/arm-none-eabi/5.4.1/../../../../arm-none-eabi/lib/armv7e-m/fpu/libnosys.a(sbrk.o)
                0x0000000008008390                _sbrk
 *(.glue_7)
 .glue_7        0x00000000080083ac        0x0 linker stubs
 *(.glue_7t)
 .glue_7t       0x00000000080083ac        0x0 linker stubs
 *(.eh_frame)
 .eh_frame      0x00000000080083ac        0x0 /Applications/Ac6/SystemWorkbench.app/Contents/Eclipse/plugins/fr.ac6.mcu.externaltools.arm-none.macos64_1.13.1.201707031232/tools/compiler/bin/../lib/gcc/arm-none-eabi/5.4.1/armv7e-m/fpu/crtbegin.o
 *(.init)
 .init          0x00000000080083ac        0x4 /Applications/Ac6/SystemWorkbench.app/Contents/Eclipse/plugins/fr.ac6.mcu.externaltools.arm-none.macos64_1.13.1.201707031232/tools/compiler/bin/../lib/gcc/arm-none-eabi/5.4.1/armv7e-m/fpu/crti.o
                0x00000000080083ac                _init
 .init          0x00000000080083b0        0x8 /Applications/Ac6/SystemWorkbench.app/Contents/Eclipse/plugins/fr.ac6.mcu.externaltools.arm-none.macos64_1.13.1.201707031232/tools/compiler/bin/../lib/gcc/arm-none-eabi/5.4.1/armv7e-m/fpu/crtn.o
 *(.fini)
 .fini          0x00000000080083b8        0x4 /Applications/Ac6/SystemWorkbench.app/Contents/Eclipse/plugins/fr.ac6.mcu.externaltools.arm-none.macos64_1.13.1.201707031232/tools/compiler/bin/../lib/gcc/arm-none-eabi/5.4.1/armv7e-m/fpu/crti.o
                0x00000000080083b8                _fini
 .fini          0x00000000080083bc        0x8 /Applications/Ac6/SystemWorkbench.app/Contents/Eclipse/plugins/fr.ac6.mcu.externaltools.arm-none.macos64_1.13.1.201707031232/tools/compiler/bin/../lib/gcc/arm-none-eabi/5.4.1/armv7e-m/fpu/crtn.o
                0x00000000080083c4                . = ALIGN (0x4)
                0x00000000080083c4                _etext = .

.vfp11_veneer   0x00000000080083c4        0x0
 .vfp11_veneer  0x00000000080083c4        0x0 linker stubs

.v4_bx          0x00000000080083c4        0x0
 .v4_bx         0x00000000080083c4        0x0 linker stubs

.iplt           0x00000000080083c4        0x0
 .iplt          0x00000000080083c4        0x0 /Applications/Ac6/SystemWorkbench.app/Contents/Eclipse/plugins/fr.ac6.mcu.externaltools.arm-none.macos64_1.13.1.201707031232/tools/compiler/bin/../lib/gcc/arm-none-eabi/5.4.1/armv7e-m/fpu/crtbegin.o

.rodata         0x00000000080083c4      0x1d4
                0x00000000080083c4                . = ALIGN (0x4)
 *(.rodata)
 .rodata        0x00000000080083c4       0xae Middlewares/Third_Party/FatFs/src/ff.o
 *fill*         0x0000000008008472        0x2 
 .rodata        0x0000000008008474       0x14 Middlewares/Third_Party/FatFs/src/drivers/usbh_diskio.o
                0x0000000008008474                USBH_Driver
 .rodata        0x0000000008008488       0x11 Src/main.o
 *fill*         0x0000000008008499        0x3 
 .rodata        0x000000000800849c       0x18 Src/system_stm32f4xx.o
                0x000000000800849c                AHBPrescTable
                0x00000000080084ac                APBPrescTable
 *(.rodata*)
 .rodata.str1.4
                0x00000000080084b4        0x4 Middlewares/ST/STM32_USB_Host_Library/Class/MSC/Src/usbh_msc.o
 .rodata.str1.4
                0x00000000080084b8       0x44 Middlewares/Third_Party/FatFs/src/ff.o
 .rodata.str1.4
                0x00000000080084fc       0x60 Src/main.o
 .rodata.str1.4
                0x000000000800855c       0x14 Src/usbh_conf.o
                                         0x13 (size before relaxing)
 .rodata.str1.1
                0x0000000008008570       0x25 /Applications/Ac6/SystemWorkbench.app/Contents/Eclipse/plugins/fr.ac6.mcu.externaltools.arm-none.macos64_1.13.1.201707031232/tools/compiler/bin/../lib/gcc/arm-none-eabi/5.4.1/../../../../arm-none-eabi/lib/armv7e-m/fpu/libc_nano.a(lib_a-utoa.o)
                0x0000000008008598                . = ALIGN (0x4)
 *fill*         0x0000000008008595        0x3 

.rel.dyn        0x0000000008008598        0x0
 .rel.iplt      0x0000000008008598        0x0 /Applications/Ac6/SystemWorkbench.app/Contents/Eclipse/plugins/fr.ac6.mcu.externaltools.arm-none.macos64_1.13.1.201707031232/tools/compiler/bin/../lib/gcc/arm-none-eabi/5.4.1/armv7e-m/fpu/crtbegin.o

.ARM.extab
 *(.ARM.extab* .gnu.linkonce.armextab.*)

.ARM            0x0000000008008598        0x0
                0x0000000008008598                __exidx_start = .
 *(.ARM.exidx*)
                0x0000000008008598                __exidx_end = .

.preinit_array  0x0000000008008598        0x0
                0x0000000008008598                PROVIDE (__preinit_array_start, .)
 *(.preinit_array*)
                0x0000000008008598                PROVIDE (__preinit_array_end, .)

.init_array     0x0000000008008598        0x4
                0x0000000008008598                PROVIDE (__init_array_start, .)
 *(SORT(.init_array.*))
 *(.init_array*)
 .init_array    0x0000000008008598        0x4 /Applications/Ac6/SystemWorkbench.app/Contents/Eclipse/plugins/fr.ac6.mcu.externaltools.arm-none.macos64_1.13.1.201707031232/tools/compiler/bin/../lib/gcc/arm-none-eabi/5.4.1/armv7e-m/fpu/crtbegin.o
                0x000000000800859c                PROVIDE (__init_array_end, .)

.fini_array     0x000000000800859c        0x4
                [!provide]                        PROVIDE (__fini_array_start, .)
 *(SORT(.fini_array.*))
 *(.fini_array*)
 .fini_array    0x000000000800859c        0x4 /Applications/Ac6/SystemWorkbench.app/Contents/Eclipse/plugins/fr.ac6.mcu.externaltools.arm-none.macos64_1.13.1.201707031232/tools/compiler/bin/../lib/gcc/arm-none-eabi/5.4.1/armv7e-m/fpu/crtbegin.o
                [!provide]                        PROVIDE (__fini_array_end, .)
                0x00000000080085a0                _sidata = LOADADDR (.data)

.data           0x0000000020000000       0x88 load address 0x00000000080085a0
                0x0000000020000000                . = ALIGN (0x4)
                0x0000000020000000                _sdata = .
 *(.data)
 .data          0x0000000020000000       0x20 Middlewares/ST/STM32_USB_Host_Library/Class/MSC/Src/usbh_msc.o
                0x0000000020000000                USBH_msc
 .data          0x0000000020000020        0x4 Src/system_stm32f4xx.o
                0x0000000020000020                SystemCoreClock
 *(.data*)
 .data.impure_data
                0x0000000020000024       0x60 /Applications/Ac6/SystemWorkbench.app/Contents/Eclipse/plugins/fr.ac6.mcu.externaltools.arm-none.macos64_1.13.1.201707031232/tools/compiler/bin/../lib/gcc/arm-none-eabi/5.4.1/../../../../arm-none-eabi/lib/armv7e-m/fpu/libc_nano.a(lib_a-impure.o)
 .data._impure_ptr
                0x0000000020000084        0x4 /Applications/Ac6/SystemWorkbench.app/Contents/Eclipse/plugins/fr.ac6.mcu.externaltools.arm-none.macos64_1.13.1.201707031232/tools/compiler/bin/../lib/gcc/arm-none-eabi/5.4.1/../../../../arm-none-eabi/lib/armv7e-m/fpu/libc_nano.a(lib_a-impure.o)
                0x0000000020000084                _impure_ptr
                0x0000000020000088                . = ALIGN (0x4)
                0x0000000020000088                _edata = .
                0x0000000008008628                _siccmram = LOADADDR (.ccmram)

.jcr            0x0000000020000088        0x0 load address 0x0000000008008628
 .jcr           0x0000000020000088        0x0 /Applications/Ac6/SystemWorkbench.app/Contents/Eclipse/plugins/fr.ac6.mcu.externaltools.arm-none.macos64_1.13.1.201707031232/tools/compiler/bin/../lib/gcc/arm-none-eabi/5.4.1/armv7e-m/fpu/crtbegin.o

.igot.plt       0x0000000020000088        0x0 load address 0x0000000008008628
 .igot.plt      0x0000000020000088        0x0 /Applications/Ac6/SystemWorkbench.app/Contents/Eclipse/plugins/fr.ac6.mcu.externaltools.arm-none.macos64_1.13.1.201707031232/tools/compiler/bin/../lib/gcc/arm-none-eabi/5.4.1/armv7e-m/fpu/crtbegin.o

.ccmram         0x0000000010000000        0x0 load address 0x0000000008008628
                0x0000000010000000                . = ALIGN (0x4)
                0x0000000010000000                _sccmram = .
 *(.ccmram)
 *(.ccmram*)
                0x0000000010000000                . = ALIGN (0x4)
                0x0000000010000000                _eccmram = .
                0x0000000010000000                . = ALIGN (0x4)

.bss            0x0000000020000088     0x1044
                0x0000000020000088                _sbss = .
                0x0000000020000088                __bss_start__ = _sbss
 *(.bss)
 .bss           0x0000000020000088       0x1c /Applications/Ac6/SystemWorkbench.app/Contents/Eclipse/plugins/fr.ac6.mcu.externaltools.arm-none.macos64_1.13.1.201707031232/tools/compiler/bin/../lib/gcc/arm-none-eabi/5.4.1/armv7e-m/fpu/crtbegin.o
 .bss           0x00000000200000a4       0x1e Middlewares/Third_Party/FatFs/src/ff.o
 *fill*         0x00000000200000c2        0x2 
 .bss           0x00000000200000c4        0xc Middlewares/Third_Party/FatFs/src/ff_gen_drv.o
                0x00000000200000c4                disk
 .bss           0x00000000200000d0        0x6 Src/main.o
                0x00000000200000d0                USB_state
                0x00000000200000d1                mode_2
                0x00000000200000d2                mode_main_menue
                0x00000000200000d3                mode_1
                0x00000000200000d4                mode_3
                0x00000000200000d5                writeflag
 *(.bss*)
 *fill*         0x00000000200000d6        0x2 
 .bss.__malloc_sbrk_start
                0x00000000200000d8        0x4 /Applications/Ac6/SystemWorkbench.app/Contents/Eclipse/plugins/fr.ac6.mcu.externaltools.arm-none.macos64_1.13.1.201707031232/tools/compiler/bin/../lib/gcc/arm-none-eabi/5.4.1/../../../../arm-none-eabi/lib/armv7e-m/fpu/libc_nano.a(lib_a-nano-mallocr.o)
                0x00000000200000d8                __malloc_sbrk_start
 .bss.__malloc_free_list
                0x00000000200000dc        0x4 /Applications/Ac6/SystemWorkbench.app/Contents/Eclipse/plugins/fr.ac6.mcu.externaltools.arm-none.macos64_1.13.1.201707031232/tools/compiler/bin/../lib/gcc/arm-none-eabi/5.4.1/../../../../arm-none-eabi/lib/armv7e-m/fpu/libc_nano.a(lib_a-nano-mallocr.o)
                0x00000000200000dc                __malloc_free_list
 .bss.heap_end.4169
                0x00000000200000e0        0x4 /Applications/Ac6/SystemWorkbench.app/Contents/Eclipse/plugins/fr.ac6.mcu.externaltools.arm-none.macos64_1.13.1.201707031232/tools/compiler/bin/../lib/gcc/arm-none-eabi/5.4.1/../../../../arm-none-eabi/lib/armv7e-m/fpu/libnosys.a(sbrk.o)
 *(COMMON)
 COMMON         0x00000000200000e4        0x4 Drivers/STM32F4xx_HAL_Driver/Src/stm32f4xx_hal.o
                0x00000000200000e4                uwTick
 COMMON         0x00000000200000e8        0x5 Src/fatfs.o
                0x00000000200000e8                USBH_Path
                0x00000000200000ec                retUSBH
 *fill*         0x00000000200000ed        0x3 
 COMMON         0x00000000200000f0      0xd40 Src/main.o
                0x00000000200000f0                Transfer_cplt
                0x00000000200000f1                Rx_indx
                0x00000000200000f4                hUsbHostFS
                0x00000000200004bc                Rx_data
                0x00000000200004c0                msg
                0x00000000200004c4                USBDISKPath
                0x00000000200004c8                hadc3
                0x0000000020000510                Rx_Buffer
                0x0000000020000574                MyFile
                0x00000000200007a0                hspi1
                0x00000000200007f8                huart2
                0x0000000020000838                USBDISKFatFs
                0x0000000020000a68                hUSB_Host
 COMMON         0x0000000020000e30      0x298 Src/usbh_conf.o
                0x0000000020000e30                hhcd_USB_OTG_FS
 COMMON         0x00000000200010c8        0x4 /Applications/Ac6/SystemWorkbench.app/Contents/Eclipse/plugins/fr.ac6.mcu.externaltools.arm-none.macos64_1.13.1.201707031232/tools/compiler/bin/../lib/gcc/arm-none-eabi/5.4.1/../../../../arm-none-eabi/lib/armv7e-m/fpu/libc_nano.a(lib_a-reent.o)
                0x00000000200010c8                errno
                0x00000000200010cc                . = ALIGN (0x4)
                0x00000000200010cc                _ebss = .
                0x00000000200010cc                __bss_end__ = _ebss

._user_heap_stack
                0x00000000200010cc      0xc04
                0x00000000200010d0                . = ALIGN (0x8)
 *fill*         0x00000000200010cc        0x4 
                0x00000000200010d0                PROVIDE (end, .)
                [!provide]                        PROVIDE (_end, .)
                0x00000000200014d0                . = (. + _Min_Heap_Size)
 *fill*         0x00000000200010d0      0x400 
                0x0000000020001cd0                . = (. + _Min_Stack_Size)
 *fill*         0x00000000200014d0      0x800 
                0x0000000020001cd0                . = ALIGN (0x8)

/DISCARD/
 libc.a(*)
 libm.a(*)
 libgcc.a(*)

.ARM.attributes
                0x0000000000000000       0x30
 *(.ARM.attributes)
 .ARM.attributes
                0x0000000000000000       0x22 /Applications/Ac6/SystemWorkbench.app/Contents/Eclipse/plugins/fr.ac6.mcu.externaltools.arm-none.macos64_1.13.1.201707031232/tools/compiler/bin/../lib/gcc/arm-none-eabi/5.4.1/armv7e-m/fpu/crti.o
 .ARM.attributes
                0x0000000000000022       0x34 /Applications/Ac6/SystemWorkbench.app/Contents/Eclipse/plugins/fr.ac6.mcu.externaltools.arm-none.macos64_1.13.1.201707031232/tools/compiler/bin/../lib/gcc/arm-none-eabi/5.4.1/armv7e-m/fpu/crtbegin.o
 .ARM.attributes
                0x0000000000000056       0x39 Drivers/STM32F4xx_HAL_Driver/Src/stm32f4xx_hal.o
 .ARM.attributes
                0x000000000000008f       0x39 Drivers/STM32F4xx_HAL_Driver/Src/stm32f4xx_hal_adc.o
 .ARM.attributes
                0x00000000000000c8       0x39 Drivers/STM32F4xx_HAL_Driver/Src/stm32f4xx_hal_cortex.o
 .ARM.attributes
                0x0000000000000101       0x39 Drivers/STM32F4xx_HAL_Driver/Src/stm32f4xx_hal_dma.o
 .ARM.attributes
                0x000000000000013a       0x39 Drivers/STM32F4xx_HAL_Driver/Src/stm32f4xx_hal_gpio.o
 .ARM.attributes
                0x0000000000000173       0x39 Drivers/STM32F4xx_HAL_Driver/Src/stm32f4xx_hal_hcd.o
 .ARM.attributes
                0x00000000000001ac       0x39 Drivers/STM32F4xx_HAL_Driver/Src/stm32f4xx_hal_rcc.o
 .ARM.attributes
                0x00000000000001e5       0x39 Drivers/STM32F4xx_HAL_Driver/Src/stm32f4xx_hal_spi.o
 .ARM.attributes
                0x000000000000021e       0x39 Drivers/STM32F4xx_HAL_Driver/Src/stm32f4xx_hal_uart.o
 .ARM.attributes
                0x0000000000000257       0x39 Drivers/STM32F4xx_HAL_Driver/Src/stm32f4xx_ll_usb.o
 .ARM.attributes
                0x0000000000000290       0x39 Middlewares/ST/STM32_USB_Host_Library/Class/MSC/Src/usbh_msc.o
 .ARM.attributes
                0x00000000000002c9       0x39 Middlewares/ST/STM32_USB_Host_Library/Class/MSC/Src/usbh_msc_bot.o
 .ARM.attributes
                0x0000000000000302       0x39 Middlewares/ST/STM32_USB_Host_Library/Class/MSC/Src/usbh_msc_scsi.o
 .ARM.attributes
                0x000000000000033b       0x39 Middlewares/ST/STM32_USB_Host_Library/Core/Src/usbh_core.o
 .ARM.attributes
                0x0000000000000374       0x39 Middlewares/ST/STM32_USB_Host_Library/Core/Src/usbh_ctlreq.o
 .ARM.attributes
                0x00000000000003ad       0x39 Middlewares/ST/STM32_USB_Host_Library/Core/Src/usbh_ioreq.o
 .ARM.attributes
                0x00000000000003e6       0x39 Middlewares/ST/STM32_USB_Host_Library/Core/Src/usbh_pipes.o
 .ARM.attributes
                0x000000000000041f       0x39 Middlewares/Third_Party/FatFs/src/diskio.o
 .ARM.attributes
                0x0000000000000458       0x39 Middlewares/Third_Party/FatFs/src/ff.o
 .ARM.attributes
                0x0000000000000491       0x39 Middlewares/Third_Party/FatFs/src/ff_gen_drv.o
 .ARM.attributes
                0x00000000000004ca       0x39 Middlewares/Third_Party/FatFs/src/drivers/usbh_diskio.o
 .ARM.attributes
                0x0000000000000503       0x39 Src/fatfs.o
 .ARM.attributes
                0x000000000000053c       0x39 Src/main.o
 .ARM.attributes
                0x0000000000000575       0x39 Src/stm32f4xx_hal_msp.o
 .ARM.attributes
                0x00000000000005ae       0x39 Src/stm32f4xx_it.o
 .ARM.attributes
                0x00000000000005e7       0x39 Src/system_stm32f4xx.o
 .ARM.attributes
                0x0000000000000620       0x39 Src/usbh_conf.o
 .ARM.attributes
                0x0000000000000659       0x39 Src/usbh_platform.o
 .ARM.attributes
                0x0000000000000692       0x21 startup/startup_stm32f407xx.o
 .ARM.attributes
                0x00000000000006b3       0x22 /Applications/Ac6/SystemWorkbench.app/Contents/Eclipse/plugins/fr.ac6.mcu.externaltools.arm-none.macos64_1.13.1.201707031232/tools/compiler/bin/../lib/gcc/arm-none-eabi/5.4.1/armv7e-m/fpu/libgcc.a(_arm_addsubdf3.o)
 .ARM.attributes
                0x00000000000006d5       0x22 /Applications/Ac6/SystemWorkbench.app/Contents/Eclipse/plugins/fr.ac6.mcu.externaltools.arm-none.macos64_1.13.1.201707031232/tools/compiler/bin/../lib/gcc/arm-none-eabi/5.4.1/armv7e-m/fpu/libgcc.a(_arm_muldivdf3.o)
 .ARM.attributes
                0x00000000000006f7       0x22 /Applications/Ac6/SystemWorkbench.app/Contents/Eclipse/plugins/fr.ac6.mcu.externaltools.arm-none.macos64_1.13.1.201707031232/tools/compiler/bin/../lib/gcc/arm-none-eabi/5.4.1/armv7e-m/fpu/libgcc.a(_arm_cmpdf2.o)
 .ARM.attributes
                0x0000000000000719       0x22 /Applications/Ac6/SystemWorkbench.app/Contents/Eclipse/plugins/fr.ac6.mcu.externaltools.arm-none.macos64_1.13.1.201707031232/tools/compiler/bin/../lib/gcc/arm-none-eabi/5.4.1/armv7e-m/fpu/libgcc.a(_arm_fixdfsi.o)
 .ARM.attributes
                0x000000000000073b       0x34 /Applications/Ac6/SystemWorkbench.app/Contents/Eclipse/plugins/fr.ac6.mcu.externaltools.arm-none.macos64_1.13.1.201707031232/tools/compiler/bin/../lib/gcc/arm-none-eabi/5.4.1/../../../../arm-none-eabi/lib/armv7e-m/fpu/libc_nano.a(lib_a-impure.o)
 .ARM.attributes
                0x000000000000076f       0x34 /Applications/Ac6/SystemWorkbench.app/Contents/Eclipse/plugins/fr.ac6.mcu.externaltools.arm-none.macos64_1.13.1.201707031232/tools/compiler/bin/../lib/gcc/arm-none-eabi/5.4.1/../../../../arm-none-eabi/lib/armv7e-m/fpu/libc_nano.a(lib_a-init.o)
 .ARM.attributes
                0x00000000000007a3       0x34 /Applications/Ac6/SystemWorkbench.app/Contents/Eclipse/plugins/fr.ac6.mcu.externaltools.arm-none.macos64_1.13.1.201707031232/tools/compiler/bin/../lib/gcc/arm-none-eabi/5.4.1/../../../../arm-none-eabi/lib/armv7e-m/fpu/libc_nano.a(lib_a-itoa.o)
 .ARM.attributes
                0x00000000000007d7       0x34 /Applications/Ac6/SystemWorkbench.app/Contents/Eclipse/plugins/fr.ac6.mcu.externaltools.arm-none.macos64_1.13.1.201707031232/tools/compiler/bin/../lib/gcc/arm-none-eabi/5.4.1/../../../../arm-none-eabi/lib/armv7e-m/fpu/libc_nano.a(lib_a-malloc.o)
 .ARM.attributes
                0x000000000000080b       0x34 /Applications/Ac6/SystemWorkbench.app/Contents/Eclipse/plugins/fr.ac6.mcu.externaltools.arm-none.macos64_1.13.1.201707031232/tools/compiler/bin/../lib/gcc/arm-none-eabi/5.4.1/../../../../arm-none-eabi/lib/armv7e-m/fpu/libc_nano.a(lib_a-memset.o)
 .ARM.attributes
                0x000000000000083f       0x34 /Applications/Ac6/SystemWorkbench.app/Contents/Eclipse/plugins/fr.ac6.mcu.externaltools.arm-none.macos64_1.13.1.201707031232/tools/compiler/bin/../lib/gcc/arm-none-eabi/5.4.1/../../../../arm-none-eabi/lib/armv7e-m/fpu/libc_nano.a(lib_a-nano-freer.o)
 .ARM.attributes
                0x0000000000000873       0x34 /Applications/Ac6/SystemWorkbench.app/Contents/Eclipse/plugins/fr.ac6.mcu.externaltools.arm-none.macos64_1.13.1.201707031232/tools/compiler/bin/../lib/gcc/arm-none-eabi/5.4.1/../../../../arm-none-eabi/lib/armv7e-m/fpu/libc_nano.a(lib_a-nano-mallocr.o)
 .ARM.attributes
                0x00000000000008a7       0x34 /Applications/Ac6/SystemWorkbench.app/Contents/Eclipse/plugins/fr.ac6.mcu.externaltools.arm-none.macos64_1.13.1.201707031232/tools/compiler/bin/../lib/gcc/arm-none-eabi/5.4.1/../../../../arm-none-eabi/lib/armv7e-m/fpu/libc_nano.a(lib_a-sbrkr.o)
 .ARM.attributes
                0x00000000000008db       0x34 /Applications/Ac6/SystemWorkbench.app/Contents/Eclipse/plugins/fr.ac6.mcu.externaltools.arm-none.macos64_1.13.1.201707031232/tools/compiler/bin/../lib/gcc/arm-none-eabi/5.4.1/../../../../arm-none-eabi/lib/armv7e-m/fpu/libc_nano.a(lib_a-strcat.o)
 .ARM.attributes
                0x000000000000090f       0x1b /Applications/Ac6/SystemWorkbench.app/Contents/Eclipse/plugins/fr.ac6.mcu.externaltools.arm-none.macos64_1.13.1.201707031232/tools/compiler/bin/../lib/gcc/arm-none-eabi/5.4.1/../../../../arm-none-eabi/lib/armv7e-m/fpu/libc_nano.a(lib_a-strlen.o)
 .ARM.attributes
                0x000000000000092a       0x34 /Applications/Ac6/SystemWorkbench.app/Contents/Eclipse/plugins/fr.ac6.mcu.externaltools.arm-none.macos64_1.13.1.201707031232/tools/compiler/bin/../lib/gcc/arm-none-eabi/5.4.1/../../../../arm-none-eabi/lib/armv7e-m/fpu/libc_nano.a(lib_a-strncmp.o)
 .ARM.attributes
                0x000000000000095e       0x34 /Applications/Ac6/SystemWorkbench.app/Contents/Eclipse/plugins/fr.ac6.mcu.externaltools.arm-none.macos64_1.13.1.201707031232/tools/compiler/bin/../lib/gcc/arm-none-eabi/5.4.1/../../../../arm-none-eabi/lib/armv7e-m/fpu/libc_nano.a(lib_a-utoa.o)
 .ARM.attributes
                0x0000000000000992       0x34 /Applications/Ac6/SystemWorkbench.app/Contents/Eclipse/plugins/fr.ac6.mcu.externaltools.arm-none.macos64_1.13.1.201707031232/tools/compiler/bin/../lib/gcc/arm-none-eabi/5.4.1/../../../../arm-none-eabi/lib/armv7e-m/fpu/libc_nano.a(lib_a-mlock.o)
 .ARM.attributes
                0x00000000000009c6       0x34 /Applications/Ac6/SystemWorkbench.app/Contents/Eclipse/plugins/fr.ac6.mcu.externaltools.arm-none.macos64_1.13.1.201707031232/tools/compiler/bin/../lib/gcc/arm-none-eabi/5.4.1/../../../../arm-none-eabi/lib/armv7e-m/fpu/libc_nano.a(lib_a-reent.o)
 .ARM.attributes
                0x00000000000009fa       0x34 /Applications/Ac6/SystemWorkbench.app/Contents/Eclipse/plugins/fr.ac6.mcu.externaltools.arm-none.macos64_1.13.1.201707031232/tools/compiler/bin/../lib/gcc/arm-none-eabi/5.4.1/../../../../arm-none-eabi/lib/armv7e-m/fpu/libnosys.a(sbrk.o)
 .ARM.attributes
                0x0000000000000a2e       0x22 /Applications/Ac6/SystemWorkbench.app/Contents/Eclipse/plugins/fr.ac6.mcu.externaltools.arm-none.macos64_1.13.1.201707031232/tools/compiler/bin/../lib/gcc/arm-none-eabi/5.4.1/armv7e-m/fpu/crtn.o
OUTPUT(proj3.elf elf32-littlearm)

.debug_info     0x0000000000000000    0x1d0ad
 .debug_info    0x0000000000000000      0x928 Drivers/STM32F4xx_HAL_Driver/Src/stm32f4xx_hal.o
 .debug_info    0x0000000000000928      0xdd8 Drivers/STM32F4xx_HAL_Driver/Src/stm32f4xx_hal_adc.o
 .debug_info    0x0000000000001700      0xf0d Drivers/STM32F4xx_HAL_Driver/Src/stm32f4xx_hal_cortex.o
 .debug_info    0x000000000000260d      0xa62 Drivers/STM32F4xx_HAL_Driver/Src/stm32f4xx_hal_dma.o
 .debug_info    0x000000000000306f      0x72a Drivers/STM32F4xx_HAL_Driver/Src/stm32f4xx_hal_gpio.o
 .debug_info    0x0000000000003799     0x111e Drivers/STM32F4xx_HAL_Driver/Src/stm32f4xx_hal_hcd.o
 .debug_info    0x00000000000048b7      0xce5 Drivers/STM32F4xx_HAL_Driver/Src/stm32f4xx_hal_rcc.o
 .debug_info    0x000000000000559c     0x19ea Drivers/STM32F4xx_HAL_Driver/Src/stm32f4xx_hal_spi.o
 .debug_info    0x0000000000006f86     0x16b4 Drivers/STM32F4xx_HAL_Driver/Src/stm32f4xx_hal_uart.o
 .debug_info    0x000000000000863a     0x16ac Drivers/STM32F4xx_HAL_Driver/Src/stm32f4xx_ll_usb.o
 .debug_info    0x0000000000009ce6     0x15a1 Middlewares/ST/STM32_USB_Host_Library/Class/MSC/Src/usbh_msc.o
 .debug_info    0x000000000000b287     0x1219 Middlewares/ST/STM32_USB_Host_Library/Class/MSC/Src/usbh_msc_bot.o
 .debug_info    0x000000000000c4a0     0x1101 Middlewares/ST/STM32_USB_Host_Library/Class/MSC/Src/usbh_msc_scsi.o
 .debug_info    0x000000000000d5a1     0x1238 Middlewares/ST/STM32_USB_Host_Library/Core/Src/usbh_core.o
 .debug_info    0x000000000000e7d9     0x1180 Middlewares/ST/STM32_USB_Host_Library/Core/Src/usbh_ctlreq.o
 .debug_info    0x000000000000f959      0xddc Middlewares/ST/STM32_USB_Host_Library/Core/Src/usbh_ioreq.o
 .debug_info    0x0000000000010735      0xa85 Middlewares/ST/STM32_USB_Host_Library/Core/Src/usbh_pipes.o
 .debug_info    0x00000000000111ba      0x466 Middlewares/Third_Party/FatFs/src/diskio.o
 .debug_info    0x0000000000011620     0x354b Middlewares/Third_Party/FatFs/src/ff.o
 .debug_info    0x0000000000014b6b      0x3eb Middlewares/Third_Party/FatFs/src/ff_gen_drv.o
 .debug_info    0x0000000000014f56      0xe9d Middlewares/Third_Party/FatFs/src/drivers/usbh_diskio.o
 .debug_info    0x0000000000015df3      0x289 Src/fatfs.o
 .debug_info    0x000000000001607c     0x315e Src/main.o
 .debug_info    0x00000000000191da     0x11df Src/stm32f4xx_hal_msp.o
 .debug_info    0x000000000001a3b9      0xa1a Src/stm32f4xx_it.o
 .debug_info    0x000000000001add3      0x500 Src/system_stm32f4xx.o
 .debug_info    0x000000000001b2d3     0x1b46 Src/usbh_conf.o
 .debug_info    0x000000000001ce19      0x20e Src/usbh_platform.o
 .debug_info    0x000000000001d027       0x86 startup/startup_stm32f407xx.o

.debug_abbrev   0x0000000000000000     0x4166
 .debug_abbrev  0x0000000000000000      0x25c Drivers/STM32F4xx_HAL_Driver/Src/stm32f4xx_hal.o
 .debug_abbrev  0x000000000000025c      0x27c Drivers/STM32F4xx_HAL_Driver/Src/stm32f4xx_hal_adc.o
 .debug_abbrev  0x00000000000004d8      0x2fe Drivers/STM32F4xx_HAL_Driver/Src/stm32f4xx_hal_cortex.o
 .debug_abbrev  0x00000000000007d6      0x28e Drivers/STM32F4xx_HAL_Driver/Src/stm32f4xx_hal_dma.o
 .debug_abbrev  0x0000000000000a64      0x1cd Drivers/STM32F4xx_HAL_Driver/Src/stm32f4xx_hal_gpio.o
 .debug_abbrev  0x0000000000000c31      0x267 Drivers/STM32F4xx_HAL_Driver/Src/stm32f4xx_hal_hcd.o
 .debug_abbrev  0x0000000000000e98      0x2b0 Drivers/STM32F4xx_HAL_Driver/Src/stm32f4xx_hal_rcc.o
 .debug_abbrev  0x0000000000001148      0x23d Drivers/STM32F4xx_HAL_Driver/Src/stm32f4xx_hal_spi.o
 .debug_abbrev  0x0000000000001385      0x26f Drivers/STM32F4xx_HAL_Driver/Src/stm32f4xx_hal_uart.o
 .debug_abbrev  0x00000000000015f4      0x242 Drivers/STM32F4xx_HAL_Driver/Src/stm32f4xx_ll_usb.o
 .debug_abbrev  0x0000000000001836      0x304 Middlewares/ST/STM32_USB_Host_Library/Class/MSC/Src/usbh_msc.o
 .debug_abbrev  0x0000000000001b3a      0x2a5 Middlewares/ST/STM32_USB_Host_Library/Class/MSC/Src/usbh_msc_bot.o
 .debug_abbrev  0x0000000000001ddf      0x2b6 Middlewares/ST/STM32_USB_Host_Library/Class/MSC/Src/usbh_msc_scsi.o
 .debug_abbrev  0x0000000000002095      0x316 Middlewares/ST/STM32_USB_Host_Library/Core/Src/usbh_core.o
 .debug_abbrev  0x00000000000023ab      0x2db Middlewares/ST/STM32_USB_Host_Library/Core/Src/usbh_ctlreq.o
 .debug_abbrev  0x0000000000002686      0x20c Middlewares/ST/STM32_USB_Host_Library/Core/Src/usbh_ioreq.o
 .debug_abbrev  0x0000000000002892      0x246 Middlewares/ST/STM32_USB_Host_Library/Core/Src/usbh_pipes.o
 .debug_abbrev  0x0000000000002ad8      0x196 Middlewares/Third_Party/FatFs/src/diskio.o
 .debug_abbrev  0x0000000000002c6e      0x27b Middlewares/Third_Party/FatFs/src/ff.o
 .debug_abbrev  0x0000000000002ee9      0x179 Middlewares/Third_Party/FatFs/src/ff_gen_drv.o
 .debug_abbrev  0x0000000000003062      0x2da Middlewares/Third_Party/FatFs/src/drivers/usbh_diskio.o
 .debug_abbrev  0x000000000000333c      0x13f Src/fatfs.o
 .debug_abbrev  0x000000000000347b      0x445 Src/main.o
 .debug_abbrev  0x00000000000038c0      0x1a0 Src/stm32f4xx_hal_msp.o
 .debug_abbrev  0x0000000000003a60      0x19e Src/stm32f4xx_it.o
 .debug_abbrev  0x0000000000003bfe      0x104 Src/system_stm32f4xx.o
 .debug_abbrev  0x0000000000003d02      0x33e Src/usbh_conf.o
 .debug_abbrev  0x0000000000004040      0x114 Src/usbh_platform.o
 .debug_abbrev  0x0000000000004154       0x12 startup/startup_stm32f407xx.o

.debug_loc      0x0000000000000000     0xefef
 .debug_loc     0x0000000000000000       0x91 Drivers/STM32F4xx_HAL_Driver/Src/stm32f4xx_hal.o
 .debug_loc     0x0000000000000091      0x87e Drivers/STM32F4xx_HAL_Driver/Src/stm32f4xx_hal_adc.o
 .debug_loc     0x000000000000090f      0x548 Drivers/STM32F4xx_HAL_Driver/Src/stm32f4xx_hal_cortex.o
 .debug_loc     0x0000000000000e57      0xa0b Drivers/STM32F4xx_HAL_Driver/Src/stm32f4xx_hal_dma.o
 .debug_loc     0x0000000000001862      0x38f Drivers/STM32F4xx_HAL_Driver/Src/stm32f4xx_hal_gpio.o
 .debug_loc     0x0000000000001bf1      0x9e7 Drivers/STM32F4xx_HAL_Driver/Src/stm32f4xx_hal_hcd.o
 .debug_loc     0x00000000000025d8      0x622 Drivers/STM32F4xx_HAL_Driver/Src/stm32f4xx_hal_rcc.o
 .debug_loc     0x0000000000002bfa     0x17a8 Drivers/STM32F4xx_HAL_Driver/Src/stm32f4xx_hal_spi.o
 .debug_loc     0x00000000000043a2     0x137a Drivers/STM32F4xx_HAL_Driver/Src/stm32f4xx_hal_uart.o
 .debug_loc     0x000000000000571c     0x133b Drivers/STM32F4xx_HAL_Driver/Src/stm32f4xx_ll_usb.o
 .debug_loc     0x0000000000006a57      0xa00 Middlewares/ST/STM32_USB_Host_Library/Class/MSC/Src/usbh_msc.o
 .debug_loc     0x0000000000007457      0x63a Middlewares/ST/STM32_USB_Host_Library/Class/MSC/Src/usbh_msc_bot.o
 .debug_loc     0x0000000000007a91      0x7d0 Middlewares/ST/STM32_USB_Host_Library/Class/MSC/Src/usbh_msc_scsi.o
 .debug_loc     0x0000000000008261      0x76c Middlewares/ST/STM32_USB_Host_Library/Core/Src/usbh_core.o
 .debug_loc     0x00000000000089cd      0xacf Middlewares/ST/STM32_USB_Host_Library/Core/Src/usbh_ctlreq.o
 .debug_loc     0x000000000000949c      0x50f Middlewares/ST/STM32_USB_Host_Library/Core/Src/usbh_ioreq.o
 .debug_loc     0x00000000000099ab      0x1cc Middlewares/ST/STM32_USB_Host_Library/Core/Src/usbh_pipes.o
 .debug_loc     0x0000000000009b77      0x1fc Middlewares/Third_Party/FatFs/src/diskio.o
 .debug_loc     0x0000000000009d73     0x3f39 Middlewares/Third_Party/FatFs/src/ff.o
 .debug_loc     0x000000000000dcac      0x24d Middlewares/Third_Party/FatFs/src/ff_gen_drv.o
 .debug_loc     0x000000000000def9      0x489 Middlewares/Third_Party/FatFs/src/drivers/usbh_diskio.o
 .debug_loc     0x000000000000e382      0x260 Src/main.o
 .debug_loc     0x000000000000e5e2       0xe7 Src/stm32f4xx_hal_msp.o
 .debug_loc     0x000000000000e6c9      0x132 Src/system_stm32f4xx.o
 .debug_loc     0x000000000000e7fb      0x7b5 Src/usbh_conf.o
 .debug_loc     0x000000000000efb0       0x3f Src/usbh_platform.o

.debug_aranges  0x0000000000000000     0x11c0
 .debug_aranges
                0x0000000000000000       0xc8 Drivers/STM32F4xx_HAL_Driver/Src/stm32f4xx_hal.o
 .debug_aranges
                0x00000000000000c8       0xe8 Drivers/STM32F4xx_HAL_Driver/Src/stm32f4xx_hal_adc.o
 .debug_aranges
                0x00000000000001b0       0xa8 Drivers/STM32F4xx_HAL_Driver/Src/stm32f4xx_hal_cortex.o
 .debug_aranges
                0x0000000000000258       0x90 Drivers/STM32F4xx_HAL_Driver/Src/stm32f4xx_hal_dma.o
 .debug_aranges
                0x00000000000002e8       0x58 Drivers/STM32F4xx_HAL_Driver/Src/stm32f4xx_hal_gpio.o
 .debug_aranges
                0x0000000000000340       0xe0 Drivers/STM32F4xx_HAL_Driver/Src/stm32f4xx_hal_hcd.o
 .debug_aranges
                0x0000000000000420       0x88 Drivers/STM32F4xx_HAL_Driver/Src/stm32f4xx_hal_rcc.o
 .debug_aranges
                0x00000000000004a8      0x1c8 Drivers/STM32F4xx_HAL_Driver/Src/stm32f4xx_hal_spi.o
 .debug_aranges
                0x0000000000000670      0x1d0 Drivers/STM32F4xx_HAL_Driver/Src/stm32f4xx_hal_uart.o
 .debug_aranges
                0x0000000000000840      0x180 Drivers/STM32F4xx_HAL_Driver/Src/stm32f4xx_ll_usb.o
 .debug_aranges
                0x00000000000009c0       0x78 Middlewares/ST/STM32_USB_Host_Library/Class/MSC/Src/usbh_msc.o
 .debug_aranges
                0x0000000000000a38       0x48 Middlewares/ST/STM32_USB_Host_Library/Class/MSC/Src/usbh_msc_bot.o
 .debug_aranges
                0x0000000000000a80       0x48 Middlewares/ST/STM32_USB_Host_Library/Class/MSC/Src/usbh_msc_scsi.o
 .debug_aranges
                0x0000000000000ac8       0xa8 Middlewares/ST/STM32_USB_Host_Library/Core/Src/usbh_core.o
 .debug_aranges
                0x0000000000000b70       0x98 Middlewares/ST/STM32_USB_Host_Library/Core/Src/usbh_ctlreq.o
 .debug_aranges
                0x0000000000000c08       0x60 Middlewares/ST/STM32_USB_Host_Library/Core/Src/usbh_ioreq.o
 .debug_aranges
                0x0000000000000c68       0x40 Middlewares/ST/STM32_USB_Host_Library/Core/Src/usbh_pipes.o
 .debug_aranges
                0x0000000000000ca8       0x48 Middlewares/Third_Party/FatFs/src/diskio.o
 .debug_aranges
                0x0000000000000cf0      0x1e8 Middlewares/Third_Party/FatFs/src/ff.o
 .debug_aranges
                0x0000000000000ed8       0x40 Middlewares/Third_Party/FatFs/src/ff_gen_drv.o
 .debug_aranges
                0x0000000000000f18       0x40 Middlewares/Third_Party/FatFs/src/drivers/usbh_diskio.o
 .debug_aranges
                0x0000000000000f58       0x28 Src/fatfs.o
 .debug_aranges
                0x0000000000000f80       0x90 Src/main.o
 .debug_aranges
                0x0000000000001010       0x50 Src/stm32f4xx_hal_msp.o
 .debug_aranges
                0x0000000000001060       0x30 Src/stm32f4xx_it.o
 .debug_aranges
                0x0000000000001090       0x28 Src/system_stm32f4xx.o
 .debug_aranges
                0x00000000000010b8       0xc0 Src/usbh_conf.o