Archive member included to satisfy reference by file (symbol)

/home/nima/Ac6/SystemWorkbench/plugins/fr.ac6.mcu.externaltools.arm-none.linux64_1.13.1.201707031232/tools/compiler/bin/../lib/gcc/arm-none-eabi/5.4.1/../../../../arm-none-eabi/lib/armv7e-m/fpu/librdimon_nano.a(rdimon-syscalls.o)
                              /home/nima/Ac6/SystemWorkbench/plugins/fr.ac6.mcu.externaltools.arm-none.linux64_1.13.1.201707031232/tools/compiler/bin/../lib/gcc/arm-none-eabi/5.4.1/../../../../arm-none-eabi/lib/armv7e-m/fpu/rdimon-crt0.o (initialise_monitor_handles)
/home/nima/Ac6/SystemWorkbench/plugins/fr.ac6.mcu.externaltools.arm-none.linux64_1.13.1.201707031232/tools/compiler/bin/../lib/gcc/arm-none-eabi/5.4.1/../../../../arm-none-eabi/lib/armv7e-m/fpu/libc_nano.a(lib_a-errno.o)
                              /home/nima/Ac6/SystemWorkbench/plugins/fr.ac6.mcu.externaltools.arm-none.linux64_1.13.1.201707031232/tools/compiler/bin/../lib/gcc/arm-none-eabi/5.4.1/../../../../arm-none-eabi/lib/armv7e-m/fpu/librdimon_nano.a(rdimon-syscalls.o) (__errno)
/home/nima/Ac6/SystemWorkbench/plugins/fr.ac6.mcu.externaltools.arm-none.linux64_1.13.1.201707031232/tools/compiler/bin/../lib/gcc/arm-none-eabi/5.4.1/../../../../arm-none-eabi/lib/armv7e-m/fpu/libc_nano.a(lib_a-exit.o)
                              /home/nima/Ac6/SystemWorkbench/plugins/fr.ac6.mcu.externaltools.arm-none.linux64_1.13.1.201707031232/tools/compiler/bin/../lib/gcc/arm-none-eabi/5.4.1/../../../../arm-none-eabi/lib/armv7e-m/fpu/rdimon-crt0.o (exit)
/home/nima/Ac6/SystemWorkbench/plugins/fr.ac6.mcu.externaltools.arm-none.linux64_1.13.1.201707031232/tools/compiler/bin/../lib/gcc/arm-none-eabi/5.4.1/../../../../arm-none-eabi/lib/armv7e-m/fpu/libc_nano.a(lib_a-findfp.o)
                              /home/nima/Ac6/SystemWorkbench/plugins/fr.ac6.mcu.externaltools.arm-none.linux64_1.13.1.201707031232/tools/compiler/bin/../lib/gcc/arm-none-eabi/5.4.1/../../../../arm-none-eabi/lib/armv7e-m/fpu/librdimon_nano.a(rdimon-syscalls.o) (__sinit)
/home/nima/Ac6/SystemWorkbench/plugins/fr.ac6.mcu.externaltools.arm-none.linux64_1.13.1.201707031232/tools/compiler/bin/../lib/gcc/arm-none-eabi/5.4.1/../../../../arm-none-eabi/lib/armv7e-m/fpu/libc_nano.a(lib_a-fwalk.o)
                              /home/nima/Ac6/SystemWorkbench/plugins/fr.ac6.mcu.externaltools.arm-none.linux64_1.13.1.201707031232/tools/compiler/bin/../lib/gcc/arm-none-eabi/5.4.1/../../../../arm-none-eabi/lib/armv7e-m/fpu/libc_nano.a(lib_a-findfp.o) (_fwalk)
/home/nima/Ac6/SystemWorkbench/plugins/fr.ac6.mcu.externaltools.arm-none.linux64_1.13.1.201707031232/tools/compiler/bin/../lib/gcc/arm-none-eabi/5.4.1/../../../../arm-none-eabi/lib/armv7e-m/fpu/libc_nano.a(lib_a-impure.o)
                              /home/nima/Ac6/SystemWorkbench/plugins/fr.ac6.mcu.externaltools.arm-none.linux64_1.13.1.201707031232/tools/compiler/bin/../lib/gcc/arm-none-eabi/5.4.1/../../../../arm-none-eabi/lib/armv7e-m/fpu/libc_nano.a(lib_a-exit.o) (_global_impure_ptr)
/home/nima/Ac6/SystemWorkbench/plugins/fr.ac6.mcu.externaltools.arm-none.linux64_1.13.1.201707031232/tools/compiler/bin/../lib/gcc/arm-none-eabi/5.4.1/../../../../arm-none-eabi/lib/armv7e-m/fpu/libc_nano.a(lib_a-init.o)
                              /home/nima/Ac6/SystemWorkbench/plugins/fr.ac6.mcu.externaltools.arm-none.linux64_1.13.1.201707031232/tools/compiler/bin/../lib/gcc/arm-none-eabi/5.4.1/../../../../arm-none-eabi/lib/armv7e-m/fpu/rdimon-crt0.o (__libc_init_array)
/home/nima/Ac6/SystemWorkbench/plugins/fr.ac6.mcu.externaltools.arm-none.linux64_1.13.1.201707031232/tools/compiler/bin/../lib/gcc/arm-none-eabi/5.4.1/../../../../arm-none-eabi/lib/armv7e-m/fpu/libc_nano.a(lib_a-malloc.o)
                              src/tm_stm32f4_delay.o (malloc)
/home/nima/Ac6/SystemWorkbench/plugins/fr.ac6.mcu.externaltools.arm-none.linux64_1.13.1.201707031232/tools/compiler/bin/../lib/gcc/arm-none-eabi/5.4.1/../../../../arm-none-eabi/lib/armv7e-m/fpu/libc_nano.a(lib_a-memset.o)
                              /home/nima/Ac6/SystemWorkbench/plugins/fr.ac6.mcu.externaltools.arm-none.linux64_1.13.1.201707031232/tools/compiler/bin/../lib/gcc/arm-none-eabi/5.4.1/../../../../arm-none-eabi/lib/armv7e-m/fpu/rdimon-crt0.o (memset)
/home/nima/Ac6/SystemWorkbench/plugins/fr.ac6.mcu.externaltools.arm-none.linux64_1.13.1.201707031232/tools/compiler/bin/../lib/gcc/arm-none-eabi/5.4.1/../../../../arm-none-eabi/lib/armv7e-m/fpu/libc_nano.a(lib_a-nano-freer.o)
                              /home/nima/Ac6/SystemWorkbench/plugins/fr.ac6.mcu.externaltools.arm-none.linux64_1.13.1.201707031232/tools/compiler/bin/../lib/gcc/arm-none-eabi/5.4.1/../../../../arm-none-eabi/lib/armv7e-m/fpu/libc_nano.a(lib_a-malloc.o) (_free_r)
/home/nima/Ac6/SystemWorkbench/plugins/fr.ac6.mcu.externaltools.arm-none.linux64_1.13.1.201707031232/tools/compiler/bin/../lib/gcc/arm-none-eabi/5.4.1/../../../../arm-none-eabi/lib/armv7e-m/fpu/libc_nano.a(lib_a-nano-mallocr.o)
[...]
Memory Configuration

Name             Origin             Length             Attributes
FLASH            0x08000000         0x00100000         xr
RAM              0x20000000         0x00030000         xrw
MEMORY_B1        0x60000000         0x00000000         xr
*default*        0x00000000         0xffffffff

Linker script and memory map

LOAD /home/nima/Ac6/SystemWorkbench/plugins/fr.ac6.mcu.externaltools.arm-none.linux64_1.13.1.201707031232/tools/compiler/bin/../lib/gcc/arm-none-eabi/5.4.1/armv7e-m/fpu/crti.o
LOAD /home/nima/Ac6/SystemWorkbench/plugins/fr.ac6.mcu.externaltools.arm-none.linux64_1.13.1.201707031232/tools/compiler/bin/../lib/gcc/arm-none-eabi/5.4.1/armv7e-m/fpu/crtbegin.o
LOAD /home/nima/Ac6/SystemWorkbench/plugins/fr.ac6.mcu.externaltools.arm-none.linux64_1.13.1.201707031232/tools/compiler/bin/../lib/gcc/arm-none-eabi/5.4.1/../../../../arm-none-eabi/lib/armv7e-m/fpu/rdimon-crt0.o
LOAD /home/nima/Ac6/SystemWorkbench/plugins/fr.ac6.mcu.externaltools.arm-none.linux64_1.13.1.201707031232/tools/compiler/bin/../lib/gcc/arm-none-eabi/5.4.1/../../../../arm-none-eabi/lib/armv7e-m/fpu/librdimon_nano.a
LOAD StdPeriph_Driver/src/misc.o
LOAD StdPeriph_Driver/src/stm32f4xx_adc.o
LOAD StdPeriph_Driver/src/stm32f4xx_can.o
LOAD StdPeriph_Driver/src/stm32f4xx_crc.o
LOAD StdPeriph_Driver/src/stm32f4xx_cryp.o
LOAD StdPeriph_Driver/src/stm32f4xx_cryp_aes.o
LOAD StdPeriph_Driver/src/stm32f4xx_cryp_des.o
LOAD StdPeriph_Driver/src/stm32f4xx_cryp_tdes.o
LOAD StdPeriph_Driver/src/stm32f4xx_dac.o
LOAD StdPeriph_Driver/src/stm32f4xx_dbgmcu.o
LOAD StdPeriph_Driver/src/stm32f4xx_dcmi.o
LOAD StdPeriph_Driver/src/stm32f4xx_dma.o
LOAD StdPeriph_Driver/src/stm32f4xx_exti.o
LOAD StdPeriph_Driver/src/stm32f4xx_flash.o
LOAD StdPeriph_Driver/src/stm32f4xx_fsmc.o
LOAD StdPeriph_Driver/src/stm32f4xx_gpio.o
LOAD StdPeriph_Driver/src/stm32f4xx_hash.o
LOAD StdPeriph_Driver/src/stm32f4xx_hash_md5.o
LOAD StdPeriph_Driver/src/stm32f4xx_hash_sha1.o
LOAD StdPeriph_Driver/src/stm32f4xx_i2c.o
LOAD StdPeriph_Driver/src/stm32f4xx_iwdg.o
LOAD StdPeriph_Driver/src/stm32f4xx_pwr.o
LOAD StdPeriph_Driver/src/stm32f4xx_rcc.o
LOAD StdPeriph_Driver/src/stm32f4xx_rng.o
LOAD StdPeriph_Driver/src/stm32f4xx_rtc.o
LOAD StdPeriph_Driver/src/stm32f4xx_sdio.o
LOAD StdPeriph_Driver/src/stm32f4xx_spi.o
LOAD StdPeriph_Driver/src/stm32f4xx_syscfg.o
LOAD StdPeriph_Driver/src/stm32f4xx_tim.o
LOAD StdPeriph_Driver/src/stm32f4xx_usart.o
LOAD StdPeriph_Driver/src/stm32f4xx_wwdg.o
LOAD Utilities/stm32f4_discovery.o
LOAD Utilities/stm32f4_discovery_lis302dl.o
LOAD src/main.o
LOAD src/system_stm32f4xx.o
LOAD src/tm_stm32f4_adc.o
LOAD src/tm_stm32f4_delay.o
LOAD src/tm_stm32f4_gpio.o
LOAD src/tm_stm32f4_hd44780.o
LOAD src/tm_stm32f4_timer_properties.o
LOAD startup/startup_stm32f4xx.o
LOAD /home/nima/Ac6/SystemWorkbench/plugins/fr.ac6.mcu.externaltools.arm-none.linux64_1.13.1.201707031232/tools/compiler/bin/../lib/gcc/arm-none-eabi/5.4.1/../../../../arm-none-eabi/lib/armv7e-m/fpu/libstdc++_nano.a
LOAD /home/nima/Ac6/SystemWorkbench/plugins/fr.ac6.mcu.externaltools.arm-none.linux64_1.13.1.201707031232/tools/compiler/bin/../lib/gcc/arm-none-eabi/5.4.1/../../../../arm-none-eabi/lib/armv7e-m/fpu/libm.a
LOAD /home/nima/Ac6/SystemWorkbench/plugins/fr.ac6.mcu.externaltools.arm-none.linux64_1.13.1.201707031232/tools/compiler/bin/../lib/gcc/arm-none-eabi/5.4.1/../../../../arm-none-eabi/lib/armv7e-m/fpu/libc_nano.a
START GROUP
LOAD /home/nima/Ac6/SystemWorkbench/plugins/fr.ac6.mcu.externaltools.arm-none.linux64_1.13.1.201707031232/tools/compiler/bin/../lib/gcc/arm-none-eabi/5.4.1/armv7e-m/fpu/libgcc.a
LOAD /home/nima/Ac6/SystemWorkbench/plugins/fr.ac6.mcu.externaltools.arm-none.linux64_1.13.1.201707031232/tools/compiler/bin/../lib/gcc/arm-none-eabi/5.4.1/../../../../arm-none-eabi/lib/armv7e-m/fpu/libc_nano.a
END GROUP
START GROUP
LOAD /home/nima/Ac6/SystemWorkbench/plugins/fr.ac6.mcu.externaltools.arm-none.linux64_1.13.1.201707031232/tools/compiler/bin/../lib/gcc/arm-none-eabi/5.4.1/armv7e-m/fpu/libgcc.a
LOAD /home/nima/Ac6/SystemWorkbench/plugins/fr.ac6.mcu.externaltools.arm-none.linux64_1.13.1.201707031232/tools/compiler/bin/../lib/gcc/arm-none-eabi/5.4.1/../../../../arm-none-eabi/lib/armv7e-m/fpu/libc_nano.a
LOAD /home/nima/Ac6/SystemWorkbench/plugins/fr.ac6.mcu.externaltools.arm-none.linux64_1.13.1.201707031232/tools/compiler/bin/../lib/gcc/arm-none-eabi/5.4.1/../../../../arm-none-eabi/lib/armv7e-m/fpu/libnosys.a
END GROUP
START GROUP
LOAD /home/nima/Ac6/SystemWorkbench/plugins/fr.ac6.mcu.externaltools.arm-none.linux64_1.13.1.201707031232/tools/compiler/bin/../lib/gcc/arm-none-eabi/5.4.1/armv7e-m/fpu/libgcc.a
LOAD /home/nima/Ac6/SystemWorkbench/plugins/fr.ac6.mcu.externaltools.arm-none.linux64_1.13.1.201707031232/tools/compiler/bin/../lib/gcc/arm-none-eabi/5.4.1/../../../../arm-none-eabi/lib/armv7e-m/fpu/libc_nano.a
LOAD /home/nima/Ac6/SystemWorkbench/plugins/fr.ac6.mcu.externaltools.arm-none.linux64_1.13.1.201707031232/tools/compiler/bin/../lib/gcc/arm-none-eabi/5.4.1/../../../../arm-none-eabi/lib/armv7e-m/fpu/librdimon_nano.a
LOAD /home/nima/Ac6/SystemWorkbench/plugins/fr.ac6.mcu.externaltools.arm-none.linux64_1.13.1.201707031232/tools/compiler/bin/../lib/gcc/arm-none-eabi/5.4.1/../../../../arm-none-eabi/lib/armv7e-m/fpu/libnosys.a
END GROUP
START GROUP
LOAD /home/nima/Ac6/SystemWorkbench/plugins/fr.ac6.mcu.externaltools.arm-none.linux64_1.13.1.201707031232/tools/compiler/bin/../lib/gcc/arm-none-eabi/5.4.1/armv7e-m/fpu/libgcc.a
LOAD /home/nima/Ac6/SystemWorkbench/plugins/fr.ac6.mcu.externaltools.arm-none.linux64_1.13.1.201707031232/tools/compiler/bin/../lib/gcc/arm-none-eabi/5.4.1/../../../../arm-none-eabi/lib/armv7e-m/fpu/libc_nano.a
LOAD /home/nima/Ac6/SystemWorkbench/plugins/fr.ac6.mcu.externaltools.arm-none.linux64_1.13.1.201707031232/tools/compiler/bin/../lib/gcc/arm-none-eabi/5.4.1/../../../../arm-none-eabi/lib/armv7e-m/fpu/librdimon_nano.a
END GROUP
LOAD /home/nima/Ac6/SystemWorkbench/plugins/fr.ac6.mcu.externaltools.arm-none.linux64_1.13.1.201707031232/tools/compiler/bin/../lib/gcc/arm-none-eabi/5.4.1/armv7e-m/fpu/crtend.o
LOAD /home/nima/Ac6/SystemWorkbench/plugins/fr.ac6.mcu.externaltools.arm-none.linux64_1.13.1.201707031232/tools/compiler/bin/../lib/gcc/arm-none-eabi/5.4.1/armv7e-m/fpu/crtn.o
                0x20020000                _estack = 0x20020000
                0x00000000                _Min_Heap_Size = 0x0
                0x00000400                _Min_Stack_Size = 0x400

.isr_vector     0x08000000      0x188
                0x08000000                . = ALIGN (0x4)
 *(.isr_vector)
 .isr_vector    0x08000000      0x188 startup/startup_stm32f4xx.o
                0x08000000                g_pfnVectors
                0x08000188                . = ALIGN (0x4)

.text           0x08000188     0x1934
                0x08000188                . = ALIGN (0x4)
 *(.text)
 .text          0x08000188       0x5c /home/nima/Ac6/SystemWorkbench/plugins/fr.ac6.mcu.externaltools.arm-none.linux64_1.13.1.201707031232/tools/compiler/bin/../lib/gcc/arm-none-eabi/5.4.1/armv7e-m/fpu/crtbegin.o
 *(.text*)
 .text.ADC_Init
                0x080001e4       0xac StdPeriph_Driver/src/stm32f4xx_adc.o
                0x080001e4                ADC_Init
 .text.ADC_CommonInit
                0x08000290       0x50 StdPeriph_Driver/src/stm32f4xx_adc.o
                0x08000290                ADC_CommonInit
 .text.ADC_RegularChannelConfig
                0x080002e0      0x194 StdPeriph_Driver/src/stm32f4xx_adc.o
                0x080002e0                ADC_RegularChannelConfig
 .text.Delayms  0x08000474       0x58 src/main.o
 .text.main     0x080004cc      0x31c src/main.o
                0x080004cc                main
 .text.menu1    0x080007e8       0x24 src/main.o
                0x080007e8                menu1
 .text.menu2    0x0800080c       0x2c src/main.o
                0x0800080c                menu2
 .text.setdegree
                0x08000838      0x1dc src/main.o
                0x08000838                setdegree
 .text.SystemInit
                0x08000a14       0x5c src/system_stm32f4xx.o
                0x08000a14                SystemInit
 .text.SetSysClock
                0x08000a70      0x128 src/system_stm32f4xx.o
 .text.TM_ADC_Init
                0x08000b98       0xfc src/tm_stm32f4_adc.o
                0x08000b98                TM_ADC_Init
 .text.TM_ADC_InitADC
                0x08000c94       0xbc src/tm_stm32f4_adc.o
                0x08000c94                TM_ADC_InitADC
 .text.TM_ADC_Read
                0x08000d50       0x54 src/tm_stm32f4_adc.o
                0x08000d50                TM_ADC_Read
 .text.TM_ADC_INT_Channel_0_Init
                0x08000da4       0x1c src/tm_stm32f4_adc.o
                0x08000da4                TM_ADC_INT_Channel_0_Init
 .text.TM_ADC_INT_Channel_1_Init
                0x08000dc0       0x1c src/tm_stm32f4_adc.o
                0x08000dc0                TM_ADC_INT_Channel_1_Init
 .text.TM_ADC_INT_Channel_2_Init
                0x08000ddc       0x1c src/tm_stm32f4_adc.o
                0x08000ddc                TM_ADC_INT_Channel_2_Init
 .text.TM_ADC_INT_Channel_3_Init
                0x08000df8       0x1c src/tm_stm32f4_adc.o
                0x08000df8                TM_ADC_INT_Channel_3_Init
 .text.TM_ADC_INT_Channel_4_Init
                0x08000e14       0x4c src/tm_stm32f4_adc.o
                0x08000e14                TM_ADC_INT_Channel_4_Init
 .text.TM_ADC_INT_Channel_5_Init
                0x08000e60       0x4c src/tm_stm32f4_adc.o
                0x08000e60                TM_ADC_INT_Channel_5_Init
 .text.TM_ADC_INT_Channel_6_Init
                0x08000eac       0x50 src/tm_stm32f4_adc.o
                0x08000eac                TM_ADC_INT_Channel_6_Init
 .text.TM_ADC_INT_Channel_7_Init
                0x08000efc       0x50 src/tm_stm32f4_adc.o
                0x08000efc                TM_ADC_INT_Channel_7_Init
 .text.TM_ADC_INT_Channel_8_Init
                0x08000f4c       0x50 src/tm_stm32f4_adc.o
                0x08000f4c                TM_ADC_INT_Channel_8_Init
 .text.TM_ADC_INT_Channel_9_Init
                0x08000f9c       0x4c src/tm_stm32f4_adc.o
                0x08000f9c                TM_ADC_INT_Channel_9_Init
 .text.TM_ADC_INT_Channel_10_Init
                0x08000fe8       0x1c src/tm_stm32f4_adc.o
                0x08000fe8                TM_ADC_INT_Channel_10_Init
 .text.TM_ADC_INT_Channel_11_Init
                0x08001004       0x1c src/tm_stm32f4_adc.o
                0x08001004                TM_ADC_INT_Channel_11_Init
 .text.TM_ADC_INT_Channel_12_Init
                0x08001020       0x1c src/tm_stm32f4_adc.o
                0x08001020                TM_ADC_INT_Channel_12_Init
 .text.TM_ADC_INT_Channel_13_Init
                0x0800103c       0x1c src/tm_stm32f4_adc.o
                0x0800103c                TM_ADC_INT_Channel_13_Init
 .text.TM_ADC_INT_Channel_14_Init
                0x08001058       0x4c src/tm_stm32f4_adc.o
                0x08001058                TM_ADC_INT_Channel_14_Init
 .text.TM_ADC_INT_Channel_15_Init
                0x080010a4       0x50 src/tm_stm32f4_adc.o
                0x080010a4                TM_ADC_INT_Channel_15_Init
 .text.TM_ADC_INT_InitPin
                0x080010f4       0x28 src/tm_stm32f4_adc.o
                0x080010f4                TM_ADC_INT_InitPin
 .text.NVIC_SetPriority
                0x0800111c       0x54 src/tm_stm32f4_delay.o
 .text.SysTick_Config
                0x08001170       0x44 src/tm_stm32f4_delay.o
 .text.SysTick_Handler
                0x080011b4       0xf0 src/tm_stm32f4_delay.o
                0x080011b4                SysTick_Handler
 .text.TM_DELAY_Init
                0x080012a4       0x50 src/tm_stm32f4_delay.o
                0x080012a4                TM_DELAY_Init
 .text.TM_GPIO_Init
                0x080012f4       0x48 src/tm_stm32f4_gpio.o
                0x080012f4                TM_GPIO_Init
 .text.TM_GPIO_GetPortSource
                0x0800133c       0x24 src/tm_stm32f4_gpio.o
                0x0800133c                TM_GPIO_GetPortSource
 .text.TM_GPIO_INT_EnableClock
                0x08001360       0x30 src/tm_stm32f4_gpio.o
                0x08001360                TM_GPIO_INT_EnableClock
 .text.TM_GPIO_INT_Init
                0x08001390      0x10c src/tm_stm32f4_gpio.o
                0x08001390                TM_GPIO_INT_Init
 .text.Delay    0x0800149c       0x5c src/tm_stm32f4_hd44780.o
 .text.TM_HD44780_Init
                0x080014f8       0xd0 src/tm_stm32f4_hd44780.o
                0x080014f8                TM_HD44780_Init
 .text.TM_HD44780_Clear
                0x080015c8       0x18 src/tm_stm32f4_hd44780.o
                0x080015c8                TM_HD44780_Clear
 .text.TM_HD44780_Puts
                0x080015e0       0xb8 src/tm_stm32f4_hd44780.o
                0x080015e0                TM_HD44780_Puts
 .text.TM_HD44780_DisplayOn
                0x08001698       0x2c src/tm_stm32f4_hd44780.o
                0x08001698                TM_HD44780_DisplayOn
 .text.TM_HD44780_CreateChar
                0x080016c4       0x50 src/tm_stm32f4_hd44780.o
                0x080016c4                TM_HD44780_CreateChar
 .text.TM_HD44780_PutCustom
                0x08001714       0x30 src/tm_stm32f4_hd44780.o
                0x08001714                TM_HD44780_PutCustom
 .text.TM_HD44780_Cmd
                0x08001744       0x38 src/tm_stm32f4_hd44780.o
 .text.TM_HD44780_Data
                0x0800177c       0x38 src/tm_stm32f4_hd44780.o
 .text.TM_HD44780_Cmd4bit
                0x080017b4       0xa4 src/tm_stm32f4_hd44780.o
 .text.TM_HD44780_CursorSet
                0x08001858       0x68 src/tm_stm32f4_hd44780.o
 .text.TM_HD44780_InitPins
                0x080018c0       0xc0 src/tm_stm32f4_hd44780.o
 .text.Reset_Handler
                0x08001980       0x48 startup/startup_stm32f4xx.o
                0x08001980                Reset_Handler
 .text.Default_Handler
                0x080019c8        0x2 startup/startup_stm32f4xx.o
                0x080019c8                RTC_Alarm_IRQHandler
                0x080019c8                HASH_RNG_IRQHandler
                0x080019c8                EXTI2_IRQHandler
                0x080019c8                TIM8_CC_IRQHandler
                0x080019c8                DebugMon_Handler
                0x080019c8                TIM1_CC_IRQHandler
                0x080019c8                DMA2_Stream5_IRQHandler
                0x080019c8                HardFault_Handler
                0x080019c8                DMA1_Stream5_IRQHandler
                0x080019c8                PVD_IRQHandler
                0x080019c8                SDIO_IRQHandler
                0x080019c8                TAMP_STAMP_IRQHandler
                0x080019c8                PendSV_Handler
                0x080019c8                NMI_Handler
                0x080019c8                CAN2_RX1_IRQHandler
                0x080019c8                EXTI3_IRQHandler
                0x080019c8                TIM8_TRG_COM_TIM14_IRQHandler
                0x080019c8                TIM1_UP_TIM10_IRQHandler
                0x080019c8                TIM8_UP_TIM13_IRQHandler
                0x080019c8                I2C3_ER_IRQHandler
                0x080019c8                EXTI0_IRQHandler
                0x080019c8                I2C2_EV_IRQHandler
                0x080019c8                DMA1_Stream2_IRQHandler
                0x080019c8                CAN1_RX0_IRQHandler
                0x080019c8                FPU_IRQHandler
                0x080019c8                OTG_HS_WKUP_IRQHandler
                0x080019c8                UsageFault_Handler
                0x080019c8                CAN2_SCE_IRQHandler
                0x080019c8                DMA2_Stream2_IRQHandler
                0x080019c8                SPI1_IRQHandler
                0x080019c8                TIM6_DAC_IRQHandler
                0x080019c8                TIM1_BRK_TIM9_IRQHandler
                0x080019c8                DCMI_IRQHandler
                0x080019c8                CAN2_RX0_IRQHandler
                0x080019c8                DMA2_Stream3_IRQHandler
                0x080019c8                USART6_IRQHandler
                0x080019c8                USART3_IRQHandler
                0x080019c8                CRYP_IRQHandler
                0x080019c8                CAN1_RX1_IRQHandler
                0x080019c8                UART5_IRQHandler
                0x080019c8                DMA2_Stream0_IRQHandler
                0x080019c8                TIM4_IRQHandler
                0x080019c8                I2C1_EV_IRQHandler
                0x080019c8                DMA1_Stream6_IRQHandler
                0x080019c8                DMA1_Stream1_IRQHandler
                0x080019c8                UART4_IRQHandler
                0x080019c8                TIM3_IRQHandler
                0x080019c8                RCC_IRQHandler
                0x080019c8                TIM8_BRK_TIM12_IRQHandler
                0x080019c8                Default_Handler
                0x080019c8                EXTI15_10_IRQHandler
                0x080019c8                ADC_IRQHandler
                0x080019c8                DMA1_Stream7_IRQHandler
                0x080019c8                TIM7_IRQHandler
                0x080019c8                CAN2_TX_IRQHandler
                0x080019c8                TIM5_IRQHandler
                0x080019c8                DMA2_Stream7_IRQHandler
                0x080019c8                I2C3_EV_IRQHandler
                0x080019c8                EXTI9_5_IRQHandler
                0x080019c8                RTC_WKUP_IRQHandler
                0x080019c8                ETH_WKUP_IRQHandler
                0x080019c8                SPI2_IRQHandler
                0x080019c8                OTG_HS_EP1_IN_IRQHandler
                0x080019c8                MemManage_Handler
                0x080019c8                DMA1_Stream0_IRQHandler
                0x080019c8                CAN1_TX_IRQHandler
                0x080019c8                SVC_Handler
                0x080019c8                EXTI4_IRQHandler
                0x080019c8                FSMC_IRQHandler
                0x080019c8                ETH_IRQHandler
                0x080019c8                OTG_HS_EP1_OUT_IRQHandler
                0x080019c8                WWDG_IRQHandler
                0x080019c8                TIM2_IRQHandler
                0x080019c8                OTG_FS_WKUP_IRQHandler
                0x080019c8                TIM1_TRG_COM_TIM11_IRQHandler
                0x080019c8                OTG_HS_IRQHandler
                0x080019c8                EXTI1_IRQHandler
                0x080019c8                USART2_IRQHandler
                0x080019c8                I2C2_ER_IRQHandler
                0x080019c8                DMA2_Stream1_IRQHandler
                0x080019c8                CAN1_SCE_IRQHandler
                0x080019c8                FLASH_IRQHandler
                0x080019c8                DMA2_Stream4_IRQHandler
                0x080019c8                BusFault_Handler
                0x080019c8                USART1_IRQHandler
                0x080019c8                OTG_FS_IRQHandler
                0x080019c8                SPI3_IRQHandler
                0x080019c8                DMA1_Stream4_IRQHandler
                0x080019c8                I2C1_ER_IRQHandler
                0x080019c8                DMA2_Stream6_IRQHandler
                0x080019c8                DMA1_Stream3_IRQHandler
 *fill*         0x080019ca        0x2 
 .text.__libc_init_array
                0x080019cc       0x4c /home/nima/Ac6/SystemWorkbench/plugins/fr.ac6.mcu.externaltools.arm-none.linux64_1.13.1.201707031232/tools/compiler/bin/../lib/gcc/arm-none-eabi/5.4.1/../../../../arm-none-eabi/lib/armv7e-m/fpu/libc_nano.a(lib_a-init.o)
                0x080019cc                __libc_init_array
 *(.rodata)
 .rodata        0x08001a18       0x85 src/main.o
 *fill*         0x08001a9d        0x3 
 .rodata        0x08001aa0        0x4 src/tm_stm32f4_hd44780.o
 *(.rodata*)
 *(.glue_7)
 .glue_7        0x08001aa4        0x0 linker stubs
 *(.glue_7t)
 .glue_7t       0x08001aa4        0x0 linker stubs
 *(.eh_frame)
 .eh_frame      0x08001aa4        0x0 /home/nima/Ac6/SystemWorkbench/plugins/fr.ac6.mcu.externaltools.arm-none.linux64_1.13.1.201707031232/tools/compiler/bin/../lib/gcc/arm-none-eabi/5.4.1/armv7e-m/fpu/crtbegin.o
 *(.init)
 .init          0x08001aa4        0x4 /home/nima/Ac6/SystemWorkbench/plugins/fr.ac6.mcu.externaltools.arm-none.linux64_1.13.1.201707031232/tools/compiler/bin/../lib/gcc/arm-none-eabi/5.4.1/armv7e-m/fpu/crti.o
                0x08001aa4                _init
 .init          0x08001aa8        0x8 /home/nima/Ac6/SystemWorkbench/plugins/fr.ac6.mcu.externaltools.arm-none.linux64_1.13.1.201707031232/tools/compiler/bin/../lib/gcc/arm-none-eabi/5.4.1/armv7e-m/fpu/crtn.o
 *(.fini)
 .fini          0x08001ab0        0x4 /home/nima/Ac6/SystemWorkbench/plugins/fr.ac6.mcu.externaltools.arm-none.linux64_1.13.1.201707031232/tools/compiler/bin/../lib/gcc/arm-none-eabi/5.4.1/armv7e-m/fpu/crti.o
                0x08001ab0                _fini
 .fini          0x08001ab4        0x8 /home/nima/Ac6/SystemWorkbench/plugins/fr.ac6.mcu.externaltools.arm-none.linux64_1.13.1.201707031232/tools/compiler/bin/../lib/gcc/arm-none-eabi/5.4.1/armv7e-m/fpu/crtn.o
                0x08001abc                . = ALIGN (0x4)
                0x08001abc                _etext = .

.vfp11_veneer   0x08001abc        0x0
 .vfp11_veneer  0x08001abc        0x0 linker stubs

.v4_bx          0x08001abc        0x0
 .v4_bx         0x08001abc        0x0 linker stubs

.iplt           0x08001abc        0x0
 .iplt          0x08001abc        0x0 /home/nima/Ac6/SystemWorkbench/plugins/fr.ac6.mcu.externaltools.arm-none.linux64_1.13.1.201707031232/tools/compiler/bin/../lib/gcc/arm-none-eabi/5.4.1/armv7e-m/fpu/crtbegin.o

.rel.dyn        0x08001abc        0x0
 .rel.iplt      0x08001abc        0x0 /home/nima/Ac6/SystemWorkbench/plugins/fr.ac6.mcu.externaltools.arm-none.linux64_1.13.1.201707031232/tools/compiler/bin/../lib/gcc/arm-none-eabi/5.4.1/armv7e-m/fpu/crtbegin.o

.ARM.extab
 *(.ARM.extab* .gnu.linkonce.armextab.*)

.ARM            0x08001abc        0x0
                0x08001abc                __exidx_start = .
 *(.ARM.exidx*)
                0x08001abc                __exidx_end = .

.preinit_array  0x08001abc        0x0
                0x08001abc                PROVIDE (__preinit_array_start, .)
 *(.preinit_array*)
                0x08001abc                PROVIDE (__preinit_array_end, .)

.init_array     0x08001abc        0x4
                0x08001abc                PROVIDE (__init_array_start, .)
 *(SORT(.init_array.*))
 *(.init_array*)
 .init_array    0x08001abc        0x4 /home/nima/Ac6/SystemWorkbench/plugins/fr.ac6.mcu.externaltools.arm-none.linux64_1.13.1.201707031232/tools/compiler/bin/../lib/gcc/arm-none-eabi/5.4.1/armv7e-m/fpu/crtbegin.o
                0x08001ac0                PROVIDE (__init_array_end, .)

.fini_array     0x08001ac0        0x4
                [!provide]                PROVIDE (__fini_array_start, .)
 *(.fini_array*)
 .fini_array    0x08001ac0        0x4 /home/nima/Ac6/SystemWorkbench/plugins/fr.ac6.mcu.externaltools.arm-none.linux64_1.13.1.201707031232/tools/compiler/bin/../lib/gcc/arm-none-eabi/5.4.1/armv7e-m/fpu/crtbegin.o
 *(SORT(.fini_array.*))
                [!provide]                PROVIDE (__fini_array_end, .)
                0x08001ac4                _sidata = .

.data           0x20000000       0x24 load address 0x08001ac4
                0x20000000                . = ALIGN (0x4)
                0x20000000                _sdata = .
 *(.data)
 .data          0x20000000       0x10 src/main.o
                0x20000000                customChar
                0x20000008                customChar2
 .data          0x20000010       0x14 src/system_stm32f4xx.o
                0x20000010                SystemCoreClock
                0x20000014                AHBPrescTable
 *(.data*)
                0x20000024                . = ALIGN (0x4)
                0x20000024                _edata = .

.jcr            0x20000024        0x0 load address 0x08001ae8
 .jcr           0x20000024        0x0 /home/nima/Ac6/SystemWorkbench/plugins/fr.ac6.mcu.externaltools.arm-none.linux64_1.13.1.201707031232/tools/compiler/bin/../lib/gcc/arm-none-eabi/5.4.1/armv7e-m/fpu/crtbegin.o

.igot.plt       0x20000024        0x0 load address 0x08001ae8
 .igot.plt      0x20000024        0x0 /home/nima/Ac6/SystemWorkbench/plugins/fr.ac6.mcu.externaltools.arm-none.linux64_1.13.1.201707031232/tools/compiler/bin/../lib/gcc/arm-none-eabi/5.4.1/armv7e-m/fpu/crtbegin.o
                0x20000024                . = ALIGN (0x4)

.bss            0x20000024       0x68 load address 0x08001ae8
                0x20000024                _sbss = .
                0x20000024                __bss_start__ = _sbss
 *(.bss)
 .bss           0x20000024       0x1c /home/nima/Ac6/SystemWorkbench/plugins/fr.ac6.mcu.externaltools.arm-none.linux64_1.13.1.201707031232/tools/compiler/bin/../lib/gcc/arm-none-eabi/5.4.1/armv7e-m/fpu/crtbegin.o
 .bss           0x20000040       0x28 src/tm_stm32f4_delay.o
                0x20000040                TM_TimingDelay
                0x20000044                TM_Time
                0x20000048                TM_Time2
                0x2000004c                TM_DELAY_Initialized
 .bss           0x20000068       0x16 src/tm_stm32f4_gpio.o
 *fill*         0x2000007e        0x2 
 .bss           0x20000080        0x7 src/tm_stm32f4_hd44780.o
 *(.bss*)
 *(COMMON)
 *fill*         0x20000087        0x1 
 COMMON         0x20000088        0x4 src/tm_stm32f4_delay.o
                0x20000088                mult
                0x2000008c                . = ALIGN (0x4)
                0x2000008c                _ebss = .
                0x2000008c                __bss_end__ = _ebss

._user_heap_stack
                0x2000008c      0x404 load address 0x08001b50
                0x20000090                . = ALIGN (0x8)
 *fill*         0x2000008c        0x4 
                0x20000090                PROVIDE (end, .)
                [!provide]                PROVIDE (_end, .)
                0x20000090                . = (. + _Min_Heap_Size)
                0x20000490                . = (. + _Min_Stack_Size)
 *fill*         0x20000090      0x400 
                0x20000490                . = ALIGN (0x8)

.memory_b1_text
 *(.mb1text)
 *(.mb1text*)
 *(.mb1rodata)
 *(.mb1rodata*)

/DISCARD/
 libc.a(*)
 libm.a(*)
 libgcc.a(*)

.ARM.attributes
                0x00000000       0x30
 *(.ARM.attributes)
 .ARM.attributes
                0x00000000       0x22 /home/nima/Ac6/SystemWorkbench/plugins/fr.ac6.mcu.externaltools.arm-none.linux64_1.13.1.201707031232/tools/compiler/bin/../lib/gcc/arm-none-eabi/5.4.1/armv7e-m/fpu/crti.o
 .ARM.attributes
                0x00000022       0x34 /home/nima/Ac6/SystemWorkbench/plugins/fr.ac6.mcu.externaltools.arm-none.linux64_1.13.1.201707031232/tools/compiler/bin/../lib/gcc/arm-none-eabi/5.4.1/armv7e-m/fpu/crtbegin.o
 .ARM.attributes
                0x00000056       0x39 StdPeriph_Driver/src/stm32f4xx_adc.o
 .ARM.attributes
                0x0000008f       0x39 src/main.o
 .ARM.attributes
                0x000000c8       0x39 src/system_stm32f4xx.o
 .ARM.attributes
                0x00000101       0x39 src/tm_stm32f4_adc.o
 .ARM.attributes
                0x0000013a       0x39 src/tm_stm32f4_delay.o
 .ARM.attributes
                0x00000173       0x39 src/tm_stm32f4_gpio.o
 .ARM.attributes
                0x000001ac       0x39 src/tm_stm32f4_hd44780.o
 .ARM.attributes
                0x000001e5       0x21 startup/startup_stm32f4xx.o
 .ARM.attributes
                0x00000206       0x34 /home/nima/Ac6/SystemWorkbench/plugins/fr.ac6.mcu.externaltools.arm-none.linux64_1.13.1.201707031232/tools/compiler/bin/../lib/gcc/arm-none-eabi/5.4.1/../../../../arm-none-eabi/lib/armv7e-m/fpu/libc_nano.a(lib_a-init.o)
 .ARM.attributes
                0x0000023a       0x22 /home/nima/Ac6/SystemWorkbench/plugins/fr.ac6.mcu.externaltools.arm-none.linux64_1.13.1.201707031232/tools/compiler/bin/../lib/gcc/arm-none-eabi/5.4.1/armv7e-m/fpu/crtn.o
OUTPUT(proj2.elf elf32-littlearm)

.debug_info     0x00000000     0x39fa
 .debug_info    0x00000000      0xc48 StdPeriph_Driver/src/stm32f4xx_adc.o
 .debug_info    0x00000c48      0x5a9 src/main.o
 .debug_info    0x000011f1      0x5cd src/system_stm32f4xx.o
 .debug_info    0x000017be      0xa19 src/tm_stm32f4_adc.o
 .debug_info    0x000021d7      0xa2c src/tm_stm32f4_delay.o
 .debug_info    0x00002c03      0x845 src/tm_stm32f4_gpio.o
 .debug_info    0x00003448      0x54e src/tm_stm32f4_hd44780.o
 .debug_info    0x00003996       0x64 startup/startup_stm32f4xx.o

.debug_abbrev   0x00000000      0xc41
 .debug_abbrev  0x00000000      0x19d StdPeriph_Driver/src/stm32f4xx_adc.o
 .debug_abbrev  0x0000019d      0x201 src/main.o
 .debug_abbrev  0x0000039e      0x13d src/system_stm32f4xx.o
 .debug_abbrev  0x000004db      0x18c src/tm_stm32f4_adc.o
 .debug_abbrev  0x00000667      0x2d4 src/tm_stm32f4_delay.o
 .debug_abbrev  0x0000093b      0x156 src/tm_stm32f4_gpio.o
 .debug_abbrev  0x00000a91      0x19e src/tm_stm32f4_hd44780.o
 .debug_abbrev  0x00000c2f       0x12 startup/startup_stm32f4xx.o

.debug_aranges  0x00000000      0x478
 .debug_aranges
                0x00000000      0x148 StdPeriph_Driver/src/stm32f4xx_adc.o
 .debug_aranges
                0x00000148       0x40 src/main.o
 .debug_aranges
                0x00000188       0x30 src/system_stm32f4xx.o
 .debug_aranges
                0x000001b8       0xd0 src/tm_stm32f4_adc.o
 .debug_aranges
                0x00000288       0x80 src/tm_stm32f4_delay.o
 .debug_aranges
                0x00000308       0x98 src/tm_stm32f4_gpio.o
 .debug_aranges
                0x000003a0       0xb0 src/tm_stm32f4_hd44780.o
 .debug_aranges
                0x00000450       0x28 startup/startup_stm32f4xx.o

.debug_ranges   0x00000000      0x400
 .debug_ranges  0x00000000      0x138 StdPeriph_Driver/src/stm32f4xx_adc.o
 .debug_ranges  0x00000138       0x30 src/main.o
 .debug_ranges  0x00000168       0x20 src/system_stm32f4xx.o
 .debug_ranges  0x00000188       0xc0 src/tm_stm32f4_adc.o
 .debug_ranges  0x00000248       0x70 src/tm_stm32f4_delay.o
 .debug_ranges  0x000002b8       0x88 src/tm_stm32f4_gpio.o
 .debug_ranges  0x00000340       0xa0 src/tm_stm32f4_hd44780.o
 .debug_ranges  0x000003e0       0x20 startup/startup_stm32f4xx.o

.debug_macro    0x00000000     0x201a
 .debug_macro   0x00000000      0x24a StdPeriph_Driver/src/stm32f4xx_adc.o
 .debug_macro   0x0000024a      0x3c9 StdPeriph_Driver/src/stm32f4xx_adc.o
 .debug_macro   0x00000613       0x7f StdPeriph_Driver/src/stm32f4xx_adc.o
 .debug_macro   0x00000692      0x314 src/main.o
 .debug_macro   0x000009a6       0x16 src/main.o
 .debug_macro   0x000009bc       0x52 src/main.o
 .debug_macro   0x00000a0e       0x35 src/main.o
 .debug_macro   0x00000a43       0x9c src/main.o
 .debug_macro   0x00000adf       0x16 src/main.o
 .debug_macro   0x00000af5      0x10e src/main.o
 .debug_macro   0x00000c03       0x8d src/main.o
 .debug_macro   0x00000c90       0x52 src/main.o
 .debug_macro   0x00000ce2       0x1f src/main.o
 .debug_macro   0x00000d01       0x43 src/main.o
 .debug_macro   0x00000d44       0x20 src/main.o
 .debug_macro   0x00000d64      0x187 src/main.o
 .debug_macro   0x00000eeb      0x30d src/main.o
 .debug_macro   0x000011f8       0x16 src/main.o
 .debug_macro   0x0000120e       0x29 src/main.o
 .debug_macro   0x00001237       0x35 src/main.o
 .debug_macro   0x0000126c       0xaf src/main.o
 .debug_macro   0x0000131b       0x58 src/main.o
 .debug_macro   0x00001373       0x24 src/main.o
 .debug_macro   0x00001397       0x22 src/main.o
 .debug_macro   0x000013b9      0x1e6 src/system_stm32f4xx.o
 .debug_macro   0x0000159f      0x1e3 src/tm_stm32f4_adc.o
 .debug_macro   0x00001782      0x2a5 src/tm_stm32f4_delay.o
 .debug_macro   0x00001a27      0x1d2 src/tm_stm32f4_gpio.o
 .debug_macro   0x00001bf9       0xa9 src/tm_stm32f4_gpio.o
 .debug_macro   0x00001ca2      0x378 src/tm_stm32f4_hd44780.o

.debug_line     0x00000000     0x3ab1
 .debug_line    0x00000000      0x964 StdPeriph_Driver/src/stm32f4xx_adc.o
 .debug_line    0x00000964      0x8b9 src/main.o
 .debug_line    0x0000121d      0x668 src/system_stm32f4xx.o
 .debug_line    0x00001885      0x862 src/tm_stm32f4_adc.o
 .debug_line    0x000020e7      0x85b src/tm_stm32f4_delay.o
 .debug_line    0x00002942      0x7e7 src/tm_stm32f4_gpio.o
 .debug_line    0x00003129      0x90d src/tm_stm32f4_hd44780.o
 .debug_line    0x00003a36       0x7b startup/startup_stm32f4xx.o

.debug_str      0x00000000    0x5af2a
 .debug_str     0x00000000    0x565a4 StdPeriph_Driver/src/stm32f4xx_adc.o
                              0x56773 (size before relaxing)
 .debug_str     0x000565a4     0x348b src/main.o
                              0x59370 (size before relaxing)
 .debug_str     0x00059a2f      0x24b src/system_stm32f4xx.o
                              0x5607a (size before relaxing)
 .debug_str     0x00059c7a      0x3a5 src/tm_stm32f4_adc.o
                              0x56ac3 (size before relaxing)
 .debug_str     0x0005a01f      0x73b src/tm_stm32f4_delay.o
                              0x591f7 (size before relaxing)
 .debug_str     0x0005a75a      0x1f3 src/tm_stm32f4_gpio.o
                              0x566d4 (size before relaxing)
 .debug_str     0x0005a94d      0x5dd src/tm_stm32f4_hd44780.o
                              0x596b9 (size before relaxing)

.comment        0x00000000       0x6e
 .comment       0x00000000       0x6e StdPeriph_Driver/src/stm32f4xx_adc.o
                                 0x6f (size before relaxing)
 .comment       0x0000006e       0x6f src/main.o
 .comment       0x0000006e       0x6f src/system_stm32f4xx.o
 .comment       0x0000006e       0x6f src/tm_stm32f4_adc.o
 .comment       0x0000006e       0x6f src/tm_stm32f4_delay.o
 .comment       0x0000006e       0x6f src/tm_stm32f4_gpio.o
 .comment       0x0000006e       0x6f src/tm_stm32f4_hd44780.o

.debug_frame    0x00000000     0x1164
 .debug_frame   0x00000000      0x5ec StdPeriph_Driver/src/stm32f4xx_adc.o
 .debug_frame   0x000005ec       0xb4 src/main.o
 .debug_frame   0x000006a0       0x7c src/system_stm32f4xx.o
 .debug_frame   0x0000071c      0x344 src/tm_stm32f4_adc.o
 .debug_frame   0x00000a60      0x1ec src/tm_stm32f4_delay.o
 .debug_frame   0x00000c4c      0x274 src/tm_stm32f4_gpio.o
 .debug_frame   0x00000ec0      0x278 src/tm_stm32f4_hd44780.o
 .debug_frame   0x00001138       0x2c /home/nima/Ac6/SystemWorkbench/plugins/fr.ac6.mcu.externaltools.arm-none.linux64_1.13.1.201707031232/tools/compiler/bin/../lib/gcc/arm-none-eabi/5.4.1/../../../../arm-none-eabi/lib/armv7e-m/fpu/libc_nano.a(lib_a-init.o)
